Component: ARM Compiler 5.06 update 1 (build 61) Tool: armlink [4d35a8]

==============================================================================

Section Cross References

    main.o(i.Config) refers to real_time_clock.o(i.rtc_config) for rtc_config
    main.o(i.Config) refers to switch.o(i.switch_config) for switch_config
    main.o(i.Config) refers to i2c1_master.o(i.I2C1master_config) for I2C1master_config
    main.o(i.Config) refers to audiocodec.o(i.audiocodec_config) for audiocodec_config
    main.o(i.Config) refers to i2s_master.o(i.I2Smaster_config) for I2Smaster_config
    main.o(i.main) refers to main.o(i.Config) for Config
    main.o(i.main) refers to switch.o(i.device_state_change) for device_state_change
    main.o(i.main) refers to switch.o(i.device_state) for device_state
    main.o(i.main) refers to audiocodec.o(i.audiocodec_stop_i2s) for audiocodec_stop_i2s
    main.o(i.main) refers to switch.o(i.device_previous_state) for device_previous_state
    main.o(i.main) refers to audiocodec.o(i.audiocodec_config) for audiocodec_config
    main.o(i.main) refers to i2s_master.o(i.I2Smaster_startTransmit) for I2Smaster_startTransmit
    main.o(i.main) refers to real_time_clock.o(i.rtc_switch_start_time) for rtc_switch_start_time
    main.o(i.main) refers to real_time_clock.o(i.rtc_switch_counter_value) for rtc_switch_counter_value
    main.o(i.main) refers to main.o(i.nrf_gpio_pin_read) for nrf_gpio_pin_read
    main.o(i.main) refers to real_time_clock.o(i.rtc_elapse_time) for rtc_elapse_time
    main.o(i.main) refers to switch.o(i.device_new_state) for device_new_state
    main.o(i.main) refers to real_time_clock.o(i.rtc_reset_time) for rtc_reset_time
    main.o(i.main) refers to audiocodec.o(i.audiocodec_volume_control) for audiocodec_volume_control
    i2c1_master.o(i.I2C1master_StartTX) refers to i2c1_master.o(i.Owner_Update) for Owner_Update
    i2c1_master.o(i.I2C1master_StartTX) refers to audiocodec.o(i.audiocodec_transmit_data_i2c1) for audiocodec_transmit_data_i2c1
    i2c1_master.o(i.I2C1master_StartTX) refers to nrf_drv_twi.o(i.nrf_drv_twi_tx) for nrf_drv_twi_tx
    i2c1_master.o(i.I2C1master_StartTX) refers to app_error.o(i.app_error_handler) for app_error_handler
    i2c1_master.o(i.I2C1master_StartTX) refers to nrf_drv_twi.o(i.nrf_drv_twi_rx) for nrf_drv_twi_rx
    i2c1_master.o(i.I2C1master_StartTX) refers to i2c1_master.o(.data) for data_transfer_complete
    i2c1_master.o(i.I2C1master_StartTX) refers to i2c1_master.o(.bss) for transmit_buffer
    i2c1_master.o(i.I2C1master_StartTX) refers to i2c1_master.o(.constdata) for i2c1_master_instance
    i2c1_master.o(i.I2C1master_config) refers to nrf_drv_twi.o(i.nrf_drv_twi_init) for nrf_drv_twi_init
    i2c1_master.o(i.I2C1master_config) refers to app_error.o(i.app_error_handler) for app_error_handler
    i2c1_master.o(i.I2C1master_config) refers to nrf_drv_twi.o(i.nrf_drv_twi_enable) for nrf_drv_twi_enable
    i2c1_master.o(i.I2C1master_config) refers to i2c1_master.o(.constdata) for .constdata
    i2c1_master.o(i.I2C1master_config) refers to i2c1_master.o(i.event_handler_i2c1) for event_handler_i2c1
    i2c1_master.o(i.Owner_Update) refers to i2c1_master.o(.data) for owner
    i2c1_master.o(i.audiocodec_pll_srm_lock) refers to i2c1_master.o(i.Owner_Update) for Owner_Update
    i2c1_master.o(i.audiocodec_pll_srm_lock) refers to audiocodec.o(i.audiocodec_transmit_data_i2c1) for audiocodec_transmit_data_i2c1
    i2c1_master.o(i.audiocodec_pll_srm_lock) refers to nrf_drv_twi.o(i.nrf_drv_twi_tx) for nrf_drv_twi_tx
    i2c1_master.o(i.audiocodec_pll_srm_lock) refers to app_error.o(i.app_error_handler) for app_error_handler
    i2c1_master.o(i.audiocodec_pll_srm_lock) refers to nrf_drv_twi.o(i.nrf_drv_twi_rx) for nrf_drv_twi_rx
    i2c1_master.o(i.audiocodec_pll_srm_lock) refers to i2c1_master.o(.data) for data_transfer_complete
    i2c1_master.o(i.audiocodec_pll_srm_lock) refers to i2c1_master.o(.bss) for transmit_buffer
    i2c1_master.o(i.audiocodec_pll_srm_lock) refers to i2c1_master.o(.constdata) for i2c1_master_instance
    i2c1_master.o(i.event_handler_i2c1) refers to i2c1_master.o(i.Owner_Update) for Owner_Update
    i2c1_master.o(i.event_handler_i2c1) refers to i2c1_master.o(.data) for data_transfer_complete
    audiocodec.o(i.audiocodec_config) refers to i2c1_master.o(i.I2C1master_StartTX) for I2C1master_StartTX
    audiocodec.o(i.audiocodec_config) refers to nrf_delay.o(i.nrf_delay_ms) for nrf_delay_ms
    audiocodec.o(i.audiocodec_config) refers to audiocodec.o(.data) for sample_size
    audiocodec.o(i.audiocodec_config) refers to audiocodec.o(.bss) for i2s_data_struct
    audiocodec.o(i.audiocodec_i2s_data_prep) refers to audiocodec.o(.constdata) for sample_data_4
    audiocodec.o(i.audiocodec_i2s_data_prep) refers to audiocodec.o(.bss) for data_address_pointer
    audiocodec.o(i.audiocodec_i2s_data_prep) refers to audiocodec.o(.data) for messages_size
[...]
    nrf_drv_gpiote.o(i.pin_in_use_clear) refers to nrf_drv_gpiote.o(.bss) for m_cb
    nrf_drv_ppi.o(i.is_allocated_channel) refers to nrf_drv_ppi.o(i.nrf_drv_ppi_channel_to_mask) for nrf_drv_ppi_channel_to_mask
    nrf_drv_ppi.o(i.is_allocated_channel) refers to nrf_drv_ppi.o(.data) for m_channels_allocated
    nrf_drv_ppi.o(i.is_allocated_group) refers to nrf_drv_ppi.o(i.group_to_mask) for group_to_mask
    nrf_drv_ppi.o(i.is_allocated_group) refers to nrf_drv_ppi.o(.data) for m_groups_allocated
    nrf_drv_ppi.o(i.is_app_channel) refers to nrf_drv_ppi.o(i.nrf_drv_ppi_channel_to_mask) for nrf_drv_ppi_channel_to_mask
    nrf_drv_ppi.o(i.is_app_group) refers to nrf_drv_ppi.o(i.group_to_mask) for group_to_mask
    nrf_drv_ppi.o(i.is_programmable_app_channel) refers to nrf_drv_ppi.o(i.nrf_drv_ppi_channel_to_mask) for nrf_drv_ppi_channel_to_mask
    nrf_drv_ppi.o(i.nrf_drv_ppi_channel_alloc) refers to app_util_platform.o(i.app_util_critical_region_enter) for app_util_critical_region_enter
    nrf_drv_ppi.o(i.nrf_drv_ppi_channel_alloc) refers to nrf_drv_ppi.o(i.nrf_drv_ppi_channel_to_mask) for nrf_drv_ppi_channel_to_mask
    nrf_drv_ppi.o(i.nrf_drv_ppi_channel_alloc) refers to nrf_drv_ppi.o(i.is_allocated_channel) for is_allocated_channel
    nrf_drv_ppi.o(i.nrf_drv_ppi_channel_alloc) refers to app_util_platform.o(i.app_util_critical_region_exit) for app_util_critical_region_exit
    nrf_drv_ppi.o(i.nrf_drv_ppi_channel_alloc) refers to nrf_drv_ppi.o(.data) for m_channels_allocated
    nrf_drv_ppi.o(i.nrf_drv_ppi_channel_assign) refers to nrf_drv_ppi.o(i.is_programmable_app_channel) for is_programmable_app_channel
    nrf_drv_ppi.o(i.nrf_drv_ppi_channel_assign) refers to nrf_drv_ppi.o(i.is_allocated_channel) for is_allocated_channel
    nrf_drv_ppi.o(i.nrf_drv_ppi_channel_disable) refers to nrf_drv_ppi.o(i.is_app_channel) for is_app_channel
    nrf_drv_ppi.o(i.nrf_drv_ppi_channel_disable) refers to nrf_drv_ppi.o(i.is_programmable_app_channel) for is_programmable_app_channel
    nrf_drv_ppi.o(i.nrf_drv_ppi_channel_disable) refers to nrf_drv_ppi.o(i.is_allocated_channel) for is_allocated_channel
    nrf_drv_ppi.o(i.nrf_drv_ppi_channel_disable) refers to nrf_drv_ppi.o(i.nrf_ppi_channel_disable) for nrf_ppi_channel_disable
    nrf_drv_ppi.o(i.nrf_drv_ppi_channel_enable) refers to nrf_drv_ppi.o(i.is_app_channel) for is_app_channel
    nrf_drv_ppi.o(i.nrf_drv_ppi_channel_enable) refers to nrf_drv_ppi.o(i.is_programmable_app_channel) for is_programmable_app_channel
    nrf_drv_ppi.o(i.nrf_drv_ppi_channel_enable) refers to nrf_drv_ppi.o(i.is_allocated_channel) for is_allocated_channel
    nrf_drv_ppi.o(i.nrf_drv_ppi_channel_fork_assign) refers to nrf_drv_ppi.o(i.is_programmable_app_channel) for is_programmable_app_channel
    nrf_drv_ppi.o(i.nrf_drv_ppi_channel_fork_assign) refers to nrf_drv_ppi.o(i.is_allocated_channel) for is_allocated_channel
    nrf_drv_ppi.o(i.nrf_drv_ppi_channel_free) refers to nrf_drv_ppi.o(i.is_programmable_app_channel) for is_programmable_app_channel
    nrf_drv_ppi.o(i.nrf_drv_ppi_channel_free) refers to nrf_drv_ppi.o(i.nrf_ppi_channel_disable) for nrf_ppi_channel_disable
    nrf_drv_ppi.o(i.nrf_drv_ppi_channel_free) refers to app_util_platform.o(i.app_util_critical_region_enter) for app_util_critical_region_enter
    nrf_drv_ppi.o(i.nrf_drv_ppi_channel_free) refers to nrf_drv_ppi.o(i.nrf_drv_ppi_channel_to_mask) for nrf_drv_ppi_channel_to_mask
    nrf_drv_ppi.o(i.nrf_drv_ppi_channel_free) refers to app_util_platform.o(i.app_util_critical_region_exit) for app_util_critical_region_exit
    nrf_drv_ppi.o(i.nrf_drv_ppi_channel_free) refers to nrf_drv_ppi.o(.data) for m_channels_allocated
    nrf_drv_ppi.o(i.nrf_drv_ppi_channels_include_in_group) refers to nrf_drv_ppi.o(i.is_app_group) for is_app_group
    nrf_drv_ppi.o(i.nrf_drv_ppi_channels_include_in_group) refers to nrf_drv_ppi.o(i.is_allocated_group) for is_allocated_group
    nrf_drv_ppi.o(i.nrf_drv_ppi_channels_include_in_group) refers to app_util_platform.o(i.app_util_critical_region_enter) for app_util_critical_region_enter
    nrf_drv_ppi.o(i.nrf_drv_ppi_channels_include_in_group) refers to app_util_platform.o(i.app_util_critical_region_exit) for app_util_critical_region_exit
    nrf_drv_ppi.o(i.nrf_drv_ppi_channels_remove_from_group) refers to nrf_drv_ppi.o(i.is_app_group) for is_app_group
    nrf_drv_ppi.o(i.nrf_drv_ppi_channels_remove_from_group) refers to nrf_drv_ppi.o(i.is_allocated_group) for is_allocated_group
    nrf_drv_ppi.o(i.nrf_drv_ppi_channels_remove_from_group) refers to app_util_platform.o(i.app_util_critical_region_enter) for app_util_critical_region_enter
    nrf_drv_ppi.o(i.nrf_drv_ppi_channels_remove_from_group) refers to app_util_platform.o(i.app_util_critical_region_exit) for app_util_critical_region_exit
    nrf_drv_ppi.o(i.nrf_drv_ppi_group_alloc) refers to app_util_platform.o(i.app_util_critical_region_enter) for app_util_critical_region_enter
    nrf_drv_ppi.o(i.nrf_drv_ppi_group_alloc) refers to nrf_drv_ppi.o(i.group_to_mask) for group_to_mask
    nrf_drv_ppi.o(i.nrf_drv_ppi_group_alloc) refers to nrf_drv_ppi.o(i.is_allocated_group) for is_allocated_group
    nrf_drv_ppi.o(i.nrf_drv_ppi_group_alloc) refers to app_util_platform.o(i.app_util_critical_region_exit) for app_util_critical_region_exit
    nrf_drv_ppi.o(i.nrf_drv_ppi_group_alloc) refers to nrf_drv_ppi.o(.data) for m_groups_allocated
    nrf_drv_ppi.o(i.nrf_drv_ppi_group_disable) refers to nrf_drv_ppi.o(i.is_app_group) for is_app_group
    nrf_drv_ppi.o(i.nrf_drv_ppi_group_disable) refers to nrf_drv_ppi.o(i.nrf_ppi_group_disable) for nrf_ppi_group_disable
    nrf_drv_ppi.o(i.nrf_drv_ppi_group_enable) refers to nrf_drv_ppi.o(i.is_app_group) for is_app_group
    nrf_drv_ppi.o(i.nrf_drv_ppi_group_enable) refers to nrf_drv_ppi.o(i.is_allocated_group) for is_allocated_group
    nrf_drv_ppi.o(i.nrf_drv_ppi_group_free) refers to nrf_drv_ppi.o(i.is_app_group) for is_app_group
    nrf_drv_ppi.o(i.nrf_drv_ppi_group_free) refers to nrf_drv_ppi.o(i.is_allocated_group) for is_allocated_group
    nrf_drv_ppi.o(i.nrf_drv_ppi_group_free) refers to nrf_drv_ppi.o(i.nrf_ppi_group_disable) for nrf_ppi_group_disable
    nrf_drv_ppi.o(i.nrf_drv_ppi_group_free) refers to app_util_platform.o(i.app_util_critical_region_enter) for app_util_critical_region_enter
    nrf_drv_ppi.o(i.nrf_drv_ppi_group_free) refers to nrf_drv_ppi.o(i.group_to_mask) for group_to_mask
    nrf_drv_ppi.o(i.nrf_drv_ppi_group_free) refers to app_util_platform.o(i.app_util_critical_region_exit) for app_util_critical_region_exit
    nrf_drv_ppi.o(i.nrf_drv_ppi_group_free) refers to nrf_drv_ppi.o(.data) for m_groups_allocated
    nrf_drv_ppi.o(i.nrf_drv_ppi_init) refers to nrf_drv_ppi.o(.data) for m_drv_state
    nrf_drv_ppi.o(i.nrf_drv_ppi_uninit) refers to nrf_drv_ppi.o(i.group_to_mask) for group_to_mask
    nrf_drv_ppi.o(i.nrf_drv_ppi_uninit) refers to nrf_drv_ppi.o(.data) for m_drv_state
    app_error.o(i.app_error_handler) refers to app_error_weak.o(i.app_error_fault_handler) for app_error_fault_handler
    app_error.o(i.app_error_handler_bare) refers to app_error_weak.o(i.app_error_fault_handler) for app_error_fault_handler
    app_error.o(i.app_error_save_and_stop) refers to app_error.o(.bss) for m_error_data
    nrf_assert.o(i.assert_nrf_callback) refers to app_error_weak.o(i.app_error_fault_handler) for app_error_fault_handler
    app_util_platform.o(i.app_util_critical_region_enter) refers to app_util_platform.o(i.privilege_level_get) for privilege_level_get
    app_util_platform.o(i.app_util_critical_region_enter) refers to nrf_assert.o(i.assert_nrf_callback) for assert_nrf_callback
    app_util_platform.o(i.app_util_critical_region_enter) refers to app_util_platform.o(i.app_util_disable_irq) for app_util_disable_irq
    app_util_platform.o(i.app_util_critical_region_exit) refers to app_util_platform.o(i.privilege_level_get) for privilege_level_get
    app_util_platform.o(i.app_util_critical_region_exit) refers to nrf_assert.o(i.assert_nrf_callback) for assert_nrf_callback
    app_util_platform.o(i.app_util_critical_region_exit) refers to app_util_platform.o(i.app_util_enable_irq) for app_util_enable_irq
    app_util_platform.o(i.app_util_disable_irq) refers to app_util_platform.o(.data) for m_in_critical_region
    app_util_platform.o(i.app_util_enable_irq) refers to app_util_platform.o(.data) for m_in_critical_region
    app_error_weak.o(i.app_error_fault_handler) refers to app_error.o(i.app_error_save_and_stop) for app_error_save_and_stop
    arm_startup_nrf52.o(RESET) refers to arm_startup_nrf52.o(STACK) for __initial_sp
    arm_startup_nrf52.o(RESET) refers to arm_startup_nrf52.o(.text) for Reset_Handler
    arm_startup_nrf52.o(RESET) refers to nrf_drv_clock.o(i.POWER_CLOCK_IRQHandler) for POWER_CLOCK_IRQHandler
    arm_startup_nrf52.o(RESET) refers to nrf_drv_twi.o(i.SPIM1_SPIS1_TWIM1_TWIS1_SPI1_TWI1_IRQHandler) for SPIM1_SPIS1_TWIM1_TWIS1_SPI1_TWI1_IRQHandler
    arm_startup_nrf52.o(RESET) refers to nrf_drv_gpiote.o(i.GPIOTE_IRQHandler) for GPIOTE_IRQHandler
    arm_startup_nrf52.o(RESET) refers to nrf_drv_rtc.o(i.RTC0_IRQHandler) for RTC0_IRQHandler
    arm_startup_nrf52.o(RESET) refers to nrf_drv_i2s.o(i.I2S_IRQHandler) for I2S_IRQHandler
    arm_startup_nrf52.o(.text) refers to system_nrf52.o(i.SystemInit) for SystemInit
    arm_startup_nrf52.o(.text) refers to entry.o(.ARM.Collect$$$$00000000) for __main
    system_nrf52.o(i.SystemCoreClockUpdate) refers to system_nrf52.o(.data) for SystemCoreClock
    system_nrf52.o(i.SystemInit) refers to system_nrf52.o(i.ftpan_32) for ftpan_32
    system_nrf52.o(i.SystemInit) refers to system_nrf52.o(i.ftpan_37) for ftpan_37
    system_nrf52.o(i.SystemInit) refers to system_nrf52.o(i.ftpan_36) for ftpan_36
    system_nrf52.o(i.SystemInit) refers to system_nrf52.o(i.SystemCoreClockUpdate) for SystemCoreClockUpdate
    entry.o(.ARM.Collect$$$$00000000) refers (Special) to entry10a.o(.ARM.Collect$$$$0000000D) for __rt_final_cpp
    entry.o(.ARM.Collect$$$$00000000) refers (Special) to entry11a.o(.ARM.Collect$$$$0000000F) for __rt_final_exit
    entry.o(.ARM.Collect$$$$00000000) refers (Special) to entry7b.o(.ARM.Collect$$$$00000008) for _main_clock
    entry.o(.ARM.Collect$$$$00000000) refers (Special) to entry8b.o(.ARM.Collect$$$$0000000A) for _main_cpp_init
    entry.o(.ARM.Collect$$$$00000000) refers (Special) to entry9a.o(.ARM.Collect$$$$0000000B) for _main_init
    entry.o(.ARM.Collect$$$$00000000) refers (Special) to entry5.o(.ARM.Collect$$$$00000004) for _main_scatterload
    entry.o(.ARM.Collect$$$$00000000) refers (Special) to entry2.o(.ARM.Collect$$$$00000001) for _main_stk
    entry2.o(.ARM.Collect$$$$00000001) refers to entry2.o(.ARM.Collect$$$$00002712) for __lit__00000000
    entry2.o(.ARM.Collect$$$$00002712) refers to arm_startup_nrf52.o(STACK) for __initial_sp
    entry2.o(__vectab_stack_and_reset_area) refers to arm_startup_nrf52.o(STACK) for __initial_sp
    entry2.o(__vectab_stack_and_reset_area) refers to entry.o(.ARM.Collect$$$$00000000) for __main
    entry5.o(.ARM.Collect$$$$00000004) refers to init.o(.text) for __scatterload
    entry9a.o(.ARM.Collect$$$$0000000B) refers to main.o(i.main) for main
    entry9b.o(.ARM.Collect$$$$0000000C) refers to main.o(i.main) for main
    init.o(.text) refers to entry5.o(.ARM.Collect$$$$00000004) for __main_after_scatterload


==============================================================================

Removing Unused input sections from the image.

    Removing main.o(.rev16_text), (4 bytes).
    Removing main.o(.revsh_text), (4 bytes).
    Removing main.o(.rrx_text), (6 bytes).
    Removing i2c1_master.o(.rev16_text), (4 bytes).
    Removing i2c1_master.o(.revsh_text), (4 bytes).
    Removing i2c1_master.o(.rrx_text), (6 bytes).
    Removing i2c1_master.o(i.p_context), (2 bytes).
    Removing audiocodec.o(.rev16_text), (4 bytes).
    Removing audiocodec.o(.revsh_text), (4 bytes).
    Removing audiocodec.o(.rrx_text), (6 bytes).
    Removing audiocodec.o(.emb_text), (118 bytes).
    Removing audiocodec.o(i.audiocodec_i2s_end), (16 bytes).
    Removing i2s_master.o(.rev16_text), (4 bytes).
    Removing i2s_master.o(.revsh_text), (4 bytes).
    Removing i2s_master.o(.rrx_text), (6 bytes).
    Removing real_time_clock.o(.rev16_text), (4 bytes).
    Removing real_time_clock.o(.revsh_text), (4 bytes).
    Removing real_time_clock.o(.rrx_text), (6 bytes).
    Removing switch.o(.rev16_text), (4 bytes).
    Removing switch.o(.revsh_text), (4 bytes).
    Removing switch.o(.rrx_text), (6 bytes).
    Removing switch.o(i.device_past_state_update), (20 bytes).
    Removing switch.o(i.device_present_state_Update), (12 bytes).
    Removing nrf_drv_twi.o(.rev16_text), (4 bytes).
    Removing nrf_drv_twi.o(.revsh_text), (4 bytes).
    Removing nrf_drv_twi.o(.rrx_text), (6 bytes).
    Removing nrf_drv_twi.o(i.nrf_drv_twi_data_count_get), (24 bytes).
    Removing nrf_drv_twi.o(i.nrf_drv_twi_disable), (132 bytes).
    Removing nrf_drv_twi.o(i.nrf_drv_twi_start_task_get), (24 bytes).
    Removing nrf_drv_twi.o(i.nrf_drv_twi_stopped_event_get), (14 bytes).
    Removing nrf_drv_twi.o(i.nrf_drv_twi_uninit), (136 bytes).
    Removing nrf_delay.o(.rev16_text), (4 bytes).
    Removing nrf_delay.o(.revsh_text), (4 bytes).
    Removing nrf_delay.o(.rrx_text), (6 bytes).
    Removing nrf_drv_common.o(.rev16_text), (4 bytes).
    Removing nrf_drv_common.o(.revsh_text), (4 bytes).
    Removing nrf_drv_common.o(.rrx_text), (6 bytes).
    Removing nrf_drv_i2s.o(.rev16_text), (4 bytes).
    Removing nrf_drv_i2s.o(.revsh_text), (4 bytes).
    Removing nrf_drv_i2s.o(.rrx_text), (6 bytes).
    Removing nrf_drv_i2s.o(i.nrf_drv_i2s_uninit), (104 bytes).
    Removing nrf_drv_clock.o(.rev16_text), (4 bytes).
    Removing nrf_drv_clock.o(.revsh_text), (4 bytes).
    Removing nrf_drv_clock.o(.rrx_text), (6 bytes).
    Removing nrf_drv_clock.o(i.hfclk_start), (24 bytes).
    Removing nrf_drv_clock.o(i.hfclk_stop), (22 bytes).
    Removing nrf_drv_clock.o(i.lfclk_stop), (20 bytes).
    Removing nrf_drv_clock.o(i.nrf_clock_hf_is_running), (32 bytes).
    Removing nrf_drv_clock.o(i.nrf_clock_lf_is_running), (16 bytes).
    Removing nrf_drv_clock.o(i.nrf_drv_clock_calibration_abort), (4 bytes).
    Removing nrf_drv_clock.o(i.nrf_drv_clock_calibration_start), (6 bytes).
    Removing nrf_drv_clock.o(i.nrf_drv_clock_hfclk_is_running), (84 bytes).
    Removing nrf_drv_clock.o(i.nrf_drv_clock_hfclk_release), (128 bytes).
    Removing nrf_drv_clock.o(i.nrf_drv_clock_hfclk_request), (148 bytes).
    Removing nrf_drv_clock.o(i.nrf_drv_clock_is_calibrating), (6 bytes).
    Removing nrf_drv_clock.o(i.nrf_drv_clock_lfclk_is_running), (80 bytes).
    Removing nrf_drv_clock.o(i.nrf_drv_clock_lfclk_release), (124 bytes).
    Removing nrf_drv_clock.o(i.nrf_drv_clock_uninit), (116 bytes).
    Removing nrf_drv_rtc.o(.rev16_text), (4 bytes).
    Removing nrf_drv_rtc.o(.revsh_text), (4 bytes).
    Removing nrf_drv_rtc.o(.rrx_text), (6 bytes).
    Removing nrf_drv_rtc.o(i.nrf_drv_rtc_cc_disable), (164 bytes).
    Removing nrf_drv_rtc.o(i.nrf_drv_rtc_cc_set), (244 bytes).
    Removing nrf_drv_rtc.o(i.nrf_drv_rtc_disable), (96 bytes).
    Removing nrf_drv_rtc.o(i.nrf_drv_rtc_max_ticks_get), (116 bytes).
    Removing nrf_drv_rtc.o(i.nrf_drv_rtc_overflow_disable), (24 bytes).
    Removing nrf_drv_rtc.o(i.nrf_drv_rtc_overflow_enable), (44 bytes).
    Removing nrf_drv_rtc.o(i.nrf_drv_rtc_tick_disable), (24 bytes).
    Removing nrf_drv_rtc.o(i.nrf_drv_rtc_uninit), (148 bytes).
    Removing nrf_drv_rtc.o(i.nrf_rtc_cc_set), (10 bytes).
    Removing nrf_drv_gpiote.o(.rev16_text), (4 bytes).
    Removing nrf_drv_gpiote.o(.revsh_text), (4 bytes).
    Removing nrf_drv_gpiote.o(.rrx_text), (6 bytes).
    Removing nrf_drv_gpiote.o(i.nrf_drv_gpiote_in_event_addr_get), (108 bytes).
    Removing nrf_drv_gpiote.o(i.nrf_drv_gpiote_in_event_disable), (164 bytes).
    Removing nrf_drv_gpiote.o(i.nrf_drv_gpiote_in_is_set), (92 bytes).
    Removing nrf_drv_gpiote.o(i.nrf_drv_gpiote_in_uninit), (140 bytes).
    Removing nrf_drv_gpiote.o(i.nrf_drv_gpiote_is_init), (20 bytes).
    Removing nrf_drv_gpiote.o(i.nrf_drv_gpiote_out_clear), (112 bytes).
    Removing nrf_drv_gpiote.o(i.nrf_drv_gpiote_out_init), (284 bytes).
    Removing nrf_drv_gpiote.o(i.nrf_drv_gpiote_out_set), (112 bytes).
    Removing nrf_drv_gpiote.o(i.nrf_drv_gpiote_out_task_addr_get), (108 bytes).
    Removing nrf_drv_gpiote.o(i.nrf_drv_gpiote_out_task_disable), (136 bytes).
    Removing nrf_drv_gpiote.o(i.nrf_drv_gpiote_out_task_enable), (160 bytes).
    Removing nrf_drv_gpiote.o(i.nrf_drv_gpiote_out_task_force), (148 bytes).
    Removing nrf_drv_gpiote.o(i.nrf_drv_gpiote_out_task_trigger), (128 bytes).
    Removing nrf_drv_gpiote.o(i.nrf_drv_gpiote_out_toggle), (144 bytes).
    Removing nrf_drv_gpiote.o(i.nrf_drv_gpiote_out_uninit), (128 bytes).
    Removing nrf_drv_gpiote.o(i.nrf_drv_gpiote_uninit), (132 bytes).
    Removing nrf_drv_gpiote.o(i.nrf_gpio_cfg_default), (24 bytes).
    Removing nrf_drv_gpiote.o(i.nrf_gpio_pin_clear), (16 bytes).
    Removing nrf_drv_gpiote.o(i.nrf_gpio_pin_set), (16 bytes).
    Removing nrf_drv_gpiote.o(i.nrf_gpiote_te_default), (16 bytes).
    Removing nrf_drv_gpiote.o(i.pin_in_use), (24 bytes).
    Removing nrf_drv_ppi.o(.rev16_text), (4 bytes).
    Removing nrf_drv_ppi.o(.revsh_text), (4 bytes).
    Removing nrf_drv_ppi.o(.rrx_text), (6 bytes).
    Removing nrf_drv_ppi.o(i.group_to_mask), (8 bytes).
    Removing nrf_drv_ppi.o(i.is_allocated_channel), (32 bytes).
    Removing nrf_drv_ppi.o(i.is_allocated_group), (32 bytes).
    Removing nrf_drv_ppi.o(i.is_app_channel), (16 bytes).
    Removing nrf_drv_ppi.o(i.is_app_group), (24 bytes).
    Removing nrf_drv_ppi.o(i.is_programmable_app_channel), (24 bytes).
    Removing nrf_drv_ppi.o(i.nrf_drv_ppi_channel_alloc), (108 bytes).
    Removing nrf_drv_ppi.o(i.nrf_drv_ppi_channel_assign), (76 bytes).
    Removing nrf_drv_ppi.o(i.nrf_drv_ppi_channel_disable), (46 bytes).
    Removing nrf_drv_ppi.o(i.nrf_drv_ppi_channel_enable), (56 bytes).
    Removing nrf_drv_ppi.o(i.nrf_drv_ppi_channel_fork_assign), (48 bytes).
    Removing nrf_drv_ppi.o(i.nrf_drv_ppi_channel_free), (64 bytes).
    Removing nrf_drv_ppi.o(i.nrf_drv_ppi_channel_to_mask), (8 bytes).
    Removing nrf_drv_ppi.o(i.nrf_drv_ppi_channels_include_in_group), (80 bytes).
    Removing nrf_drv_ppi.o(i.nrf_drv_ppi_channels_remove_from_group), (80 bytes).
    Removing nrf_drv_ppi.o(i.nrf_drv_ppi_group_alloc), (104 bytes).
    Removing nrf_drv_ppi.o(i.nrf_drv_ppi_group_disable), (26 bytes).
    Removing nrf_drv_ppi.o(i.nrf_drv_ppi_group_enable), (48 bytes).
    Removing nrf_drv_ppi.o(i.nrf_drv_ppi_group_free), (76 bytes).
    Removing nrf_drv_ppi.o(i.nrf_drv_ppi_init), (24 bytes).
    Removing nrf_drv_ppi.o(i.nrf_drv_ppi_uninit), (124 bytes).
    Removing nrf_drv_ppi.o(i.nrf_ppi_channel_disable), (16 bytes).
    Removing nrf_drv_ppi.o(i.nrf_ppi_group_disable), (16 bytes).
    Removing nrf_drv_ppi.o(.data), (9 bytes).
    Removing app_error.o(.rev16_text), (4 bytes).
    Removing app_error.o(.revsh_text), (4 bytes).
    Removing app_error.o(.rrx_text), (6 bytes).
    Removing app_error.o(i.app_error_handler_bare), (28 bytes).
    Removing nrf_assert.o(.rev16_text), (4 bytes).
    Removing nrf_assert.o(.revsh_text), (4 bytes).
    Removing nrf_assert.o(.rrx_text), (6 bytes).
    Removing app_util_platform.o(.rev16_text), (4 bytes).
    Removing app_util_platform.o(.revsh_text), (4 bytes).
    Removing app_util_platform.o(.rrx_text), (6 bytes).
    Removing app_error_weak.o(.rev16_text), (4 bytes).
    Removing app_error_weak.o(.revsh_text), (4 bytes).
    Removing app_error_weak.o(.rrx_text), (6 bytes).
    Removing arm_startup_nrf52.o(HEAP), (8192 bytes).
    Removing system_nrf52.o(.rev16_text), (4 bytes).
    Removing system_nrf52.o(.revsh_text), (4 bytes).
    Removing system_nrf52.o(.rrx_text), (6 bytes).

138 unused section(s) (total 14125 bytes) removed from the image.

==============================================================================

Image Symbol Table

    Local Symbols

    Symbol Name                              Value     Ov Type        Size  Object(Section)

    RESET                                    0x00000000   Section     1024  arm_startup_nrf52.o(RESET)
    ../clib/microlib/init/entry.s            0x00000000   Number         0  entry8b.o ABSOLUTE
    ../clib/microlib/init/entry.s            0x00000000   Number         0  entry11b.o ABSOLUTE
    ../clib/microlib/init/entry.s            0x00000000   Number         0  entry7b.o ABSOLUTE
    ../clib/microlib/init/entry.s            0x00000000   Number         0  entry8a.o ABSOLUTE
    ../clib/microlib/init/entry.s            0x00000000   Number         0  entry9a.o ABSOLUTE
    ../clib/microlib/init/entry.s            0x00000000   Number         0  entry9b.o ABSOLUTE
    ../clib/microlib/init/entry.s            0x00000000   Number         0  entry10a.o ABSOLUTE
    ../clib/microlib/init/entry.s            0x00000000   Number         0  entry11a.o ABSOLUTE
    ../clib/microlib/init/entry.s            0x00000000   Number         0  entry10b.o ABSOLUTE
    ../clib/microlib/init/entry.s            0x00000000   Number         0  entry5.o ABSOLUTE
    ../clib/microlib/init/entry.s            0x00000000   Number         0  entry2.o ABSOLUTE
    ../clib/microlib/init/entry.s            0x00000000   Number         0  entry7a.o ABSOLUTE
    ../clib/microlib/init/entry.s            0x00000000   Number         0  entry.o ABSOLUTE
    ../clib/microlib/string/memcpy.c         0x00000000   Number         0  memcpyb.o ABSOLUTE
    ../clib/microlib/string/memcpy.c         0x00000000   Number         0  memcpya.o ABSOLUTE
    ../clib/microlib/string/memset.c         0x00000000   Number         0  memseta.o ABSOLUTE
    RTE\Device\nRF52832_xxAA\arm_startup_nrf52.s 0x00000000   Number         0  arm_startup_nrf52.o ABSOLUTE
    RTE\Device\nRF52832_xxAA\system_nrf52.c  0x00000000   Number         0  system_nrf52.o ABSOLUTE
    RTE\\Device\\nRF52832_xxAA\\system_nrf52.c 0x00000000   Number         0  system_nrf52.o ABSOLUTE
    audiocodec.c                             0x00000000   Number         0  audiocodec.o ABSOLUTE
    audiocodec.c                             0x00000000   Number         0  audiocodec.o ABSOLUTE
    components\\drivers_nrf\\clock\\nrf_drv_clock.c 0x00000000   Number         0  nrf_drv_clock.o ABSOLUTE
    components\\drivers_nrf\\common\\nrf_drv_common.c 0x00000000   Number         0  nrf_drv_common.o ABSOLUTE
    components\\drivers_nrf\\delay\\nrf_delay.c 0x00000000   Number         0  nrf_delay.o ABSOLUTE
    components\\drivers_nrf\\gpiote\\nrf_drv_gpiote.c 0x00000000   Number         0  nrf_drv_gpiote.o ABSOLUTE
    components\\drivers_nrf\\i2s\\nrf_drv_i2s.c 0x00000000   Number         0  nrf_drv_i2s.o ABSOLUTE
    components\\drivers_nrf\\ppi\\nrf_drv_ppi.c 0x00000000   Number         0  nrf_drv_ppi.o ABSOLUTE
    components\\drivers_nrf\\rtc\\nrf_drv_rtc.c 0x00000000   Number         0  nrf_drv_rtc.o ABSOLUTE
    components\\drivers_nrf\\twi_master\\nrf_drv_twi.c 0x00000000   Number         0  nrf_drv_twi.o ABSOLUTE
    components\\libraries\\util\\app_error.c 0x00000000   Number         0  app_error.o ABSOLUTE
    components\\libraries\\util\\app_error_weak.c 0x00000000   Number         0  app_error_weak.o ABSOLUTE
    components\\libraries\\util\\app_util_platform.c 0x00000000   Number         0  app_util_platform.o ABSOLUTE
    components\\libraries\\util\\nrf_assert.c 0x00000000   Number         0  nrf_assert.o ABSOLUTE
    components\drivers_nrf\clock\nrf_drv_clock.c 0x00000000   Number         0  nrf_drv_clock.o ABSOLUTE
    components\drivers_nrf\common\nrf_drv_common.c 0x00000000   Number         0  nrf_drv_common.o ABSOLUTE
    components\drivers_nrf\delay\nrf_delay.c 0x00000000   Number         0  nrf_delay.o ABSOLUTE
    components\drivers_nrf\gpiote\nrf_drv_gpiote.c 0x00000000   Number         0  nrf_drv_gpiote.o ABSOLUTE
    components\drivers_nrf\i2s\nrf_drv_i2s.c 0x00000000   Number         0  nrf_drv_i2s.o ABSOLUTE
    components\drivers_nrf\ppi\nrf_drv_ppi.c 0x00000000   Number         0  nrf_drv_ppi.o ABSOLUTE
    components\drivers_nrf\rtc\nrf_drv_rtc.c 0x00000000   Number         0  nrf_drv_rtc.o ABSOLUTE
    components\drivers_nrf\twi_master\nrf_drv_twi.c 0x00000000   Number         0  nrf_drv_twi.o ABSOLUTE
    components\libraries\util\app_error.c    0x00000000   Number         0  app_error.o ABSOLUTE
    components\libraries\util\app_error_weak.c 0x00000000   Number         0  app_error_weak.o ABSOLUTE
    components\libraries\util\app_util_platform.c 0x00000000   Number         0  app_util_platform.o ABSOLUTE
    components\libraries\util\nrf_assert.c   0x00000000   Number         0  nrf_assert.o ABSOLUTE
    dc.s                                     0x00000000   Number         0  dc.o ABSOLUTE
    handlers.s                               0x00000000   Number         0  handlers.o ABSOLUTE
    i2c1_master.c                            0x00000000   Number         0  i2c1_master.o ABSOLUTE
    i2c1_master.c                            0x00000000   Number         0  i2c1_master.o ABSOLUTE
    i2s_master.c                             0x00000000   Number         0  i2s_master.o ABSOLUTE
    i2s_master.c                             0x00000000   Number         0  i2s_master.o ABSOLUTE
    init.s                                   0x00000000   Number         0  init.o ABSOLUTE
    main.c                                   0x00000000   Number         0  main.o ABSOLUTE
    main.c                                   0x00000000   Number         0  main.o ABSOLUTE
    real_time_clock.c                        0x00000000   Number         0  real_time_clock.o ABSOLUTE
    real_time_clock.c                        0x00000000   Number         0  real_time_clock.o ABSOLUTE
    switch.c                                 0x00000000   Number         0  switch.o ABSOLUTE
    switch.c                                 0x00000000   Number         0  switch.o ABSOLUTE
    .ARM.Collect$$$$00000000                 0x00000400   Section        0  entry.o(.ARM.Collect$$$$00000000)
    .ARM.Collect$$$$00000001                 0x00000400   Section        4  entry2.o(.ARM.Collect$$$$00000001)
    .ARM.Collect$$$$00000004                 0x00000404   Section        4  entry5.o(.ARM.Collect$$$$00000004)
    .ARM.Collect$$$$00000008                 0x00000408   Section        0  entry7b.o(.ARM.Collect$$$$00000008)
    .ARM.Collect$$$$0000000A                 0x00000408   Section        0  entry8b.o(.ARM.Collect$$$$0000000A)
    .ARM.Collect$$$$0000000B                 0x00000408   Section        8  entry9a.o(.ARM.Collect$$$$0000000B)
    .ARM.Collect$$$$0000000D                 0x00000410   Section        0  entry10a.o(.ARM.Collect$$$$0000000D)
    .ARM.Collect$$$$0000000F                 0x00000410   Section        0  entry11a.o(.ARM.Collect$$$$0000000F)
    .ARM.Collect$$$$00002712                 0x00000410   Section        4  entry2.o(.ARM.Collect$$$$00002712)
    __lit__00000000                          0x00000410   Data           4  entry2.o(.ARM.Collect$$$$00002712)
    .emb_text                                0x00000414   Section      118  nrf_drv_twi.o(.emb_text)
    $v0                                      0x00000414   Number         0  nrf_drv_twi.o(.emb_text)
    .emb_text                                0x0000048c   Section      118  nrf_delay.o(.emb_text)
    $v0                                      0x0000048c   Number         0  nrf_delay.o(.emb_text)
    .text                                    0x00000504   Section       36  arm_startup_nrf52.o(.text)
    $v0                                      0x00000504   Number         0  arm_startup_nrf52.o(.text)
    .text                                    0x00000528   Section        0  memcpya.o(.text)
    .text                                    0x0000054c   Section        0  memseta.o(.text)
    .text                                    0x00000570   Section       36  init.o(.text)
    i.Config                                 0x00000594   Section        0  main.o(i.Config)
    i.GPIOTE_IRQHandler                      0x000005ac   Section        0  nrf_drv_gpiote.o(i.GPIOTE_IRQHandler)
    i.I2C1master_StartTX                     0x00000764   Section        0  i2c1_master.o(i.I2C1master_StartTX)
    i.I2C1master_config                      0x00000864   Section        0  i2c1_master.o(i.I2C1master_config)
    i.I2S_IRQHandler                         0x000008b8   Section        0  nrf_drv_i2s.o(i.I2S_IRQHandler)
    i.I2Smaster_config                       0x00000a18   Section        0  i2s_master.o(i.I2Smaster_config)
    i.I2Smaster_startTransmit                0x00000aa8   Section        0  i2s_master.o(i.I2Smaster_startTransmit)
    i.Owner_Update                           0x00000b18   Section        0  i2c1_master.o(i.Owner_Update)
    i.POWER_CLOCK_IRQHandler                 0x00000b24   Section        0  nrf_drv_clock.o(i.POWER_CLOCK_IRQHandler)
    i.RTC0_IRQHandler                        0x00000b7c   Section        0  nrf_drv_rtc.o(i.RTC0_IRQHandler)
    i.SPIM1_SPIS1_TWIM1_TWIS1_SPI1_TWI1_IRQHandler 0x00000b90   Section        0  nrf_drv_twi.o(i.SPIM1_SPIS1_TWIM1_TWIS1_SPI1_TWI1_IRQHandler)
    i.SystemCoreClockUpdate                  0x00000ba4   Section        0  system_nrf52.o(i.SystemCoreClockUpdate)
    i.SystemInit                             0x00000bb4   Section        0  system_nrf52.o(i.SystemInit)
    i.__scatterload_copy                     0x00000ca0   Section       14  handlers.o(i.__scatterload_copy)
    i.__scatterload_null                     0x00000cae   Section        2  handlers.o(i.__scatterload_null)
    i.__scatterload_zeroinit                 0x00000cb0   Section       14  handlers.o(i.__scatterload_zeroinit)
    i.app_error_fault_handler                0x00000cbe   Section        0  app_error_weak.o(i.app_error_fault_handler)
    i.app_error_handler                      0x00000cd2   Section        0  app_error.o(i.app_error_handler)
    i.app_error_save_and_stop                0x00000cf4   Section        0  app_error.o(i.app_error_save_and_stop)
    i.app_util_critical_region_enter         0x00000d7c   Section        0  app_util_platform.o(i.app_util_critical_region_enter)
    i.app_util_critical_region_exit          0x00000dc8   Section        0  app_util_platform.o(i.app_util_critical_region_exit)
    i.app_util_disable_irq                   0x00000e14   Section        0  app_util_platform.o(i.app_util_disable_irq)
    i.app_util_enable_irq                    0x00000e28   Section        0  app_util_platform.o(i.app_util_enable_irq)
    i.assert_nrf_callback                    0x00000e40   Section        0  nrf_assert.o(i.assert_nrf_callback)
    i.audiocodec_config                      0x00000e5c   Section        0  audiocodec.o(i.audiocodec_config)
    i.audiocodec_i2s_data_prep               0x00000f00   Section        0  audiocodec.o(i.audiocodec_i2s_data_prep)
    i.audiocodec_i2s_start_transmit_data     0x00000f7c   Section        0  audiocodec.o(i.audiocodec_i2s_start_transmit_data)
    i.audiocodec_pll_srm_lock                0x00001008   Section        0  i2c1_master.o(i.audiocodec_pll_srm_lock)
    i.audiocodec_stop_i2s                    0x00001100   Section        0  audiocodec.o(i.audiocodec_stop_i2s)
    i.audiocodec_transmit_data_i2c1          0x00001110   Section        0  audiocodec.o(i.audiocodec_transmit_data_i2c1)
    i.audiocodec_transmitdata_update_i2s     0x00001200   Section        0  audiocodec.o(i.audiocodec_transmitdata_update_i2s)
    i.audiocodec_volume_control              0x000012dc   Section        0  audiocodec.o(i.audiocodec_volume_control)
    i.channel_free                           0x00001358   Section        0  nrf_drv_gpiote.o(i.channel_free)
    channel_free                             0x00001359   Thumb Code    26  nrf_drv_gpiote.o(i.channel_free)
    i.channel_handler_get                    0x00001378   Section        0  nrf_drv_gpiote.o(i.channel_handler_get)
    channel_handler_get                      0x00001379   Thumb Code    10  nrf_drv_gpiote.o(i.channel_handler_get)
    i.channel_port_alloc                     0x00001388   Section        0  nrf_drv_gpiote.o(i.channel_port_alloc)
    channel_port_alloc                       0x00001389   Thumb Code   122  nrf_drv_gpiote.o(i.channel_port_alloc)
    i.channel_port_get                       0x00001408   Section        0  nrf_drv_gpiote.o(i.channel_port_get)
    channel_port_get                         0x00001409   Thumb Code     8  nrf_drv_gpiote.o(i.channel_port_get)
    i.clock_clk_started_notify               0x00001414   Section        0  nrf_drv_clock.o(i.clock_clk_started_notify)
    clock_clk_started_notify                 0x00001415   Thumb Code    36  nrf_drv_clock.o(i.clock_clk_started_notify)
    i.configure_pins                         0x00001438   Section        0  nrf_drv_i2s.o(i.configure_pins)
    configure_pins                           0x00001439   Thumb Code   138  nrf_drv_i2s.o(i.configure_pins)
    i.data_handler                           0x000014c8   Section        0  i2s_master.o(i.data_handler)
    data_handler                             0x000014c9   Thumb Code    20  i2s_master.o(i.data_handler)
    i.device_new_state                       0x000014dc   Section        0  switch.o(i.device_new_state)
    i.device_previous_state                  0x000014e8   Section        0  switch.o(i.device_previous_state)
    i.device_state                           0x000014f4   Section        0  switch.o(i.device_state)
    i.device_state_change                    0x00001500   Section        0  switch.o(i.device_state_change)
    i.event_handler_i2c1                     0x00001530   Section        0  i2c1_master.o(i.event_handler_i2c1)
    i.ftpan_32                               0x00001560   Section        0  system_nrf52.o(i.ftpan_32)
    ftpan_32                                 0x00001561   Thumb Code    54  system_nrf52.o(i.ftpan_32)
    i.ftpan_36                               0x0000159c   Section        0  system_nrf52.o(i.ftpan_36)
    ftpan_36                                 0x0000159d   Thumb Code    54  system_nrf52.o(i.ftpan_36)
    i.ftpan_37                               0x000015d8   Section        0  system_nrf52.o(i.ftpan_37)
    ftpan_37                                 0x000015d9   Thumb Code    54  system_nrf52.o(i.ftpan_37)
    i.irq_handler_twi                        0x00001614   Section        0  nrf_drv_twi.o(i.irq_handler_twi)
    irq_handler_twi                          0x00001615   Thumb Code   232  nrf_drv_twi.o(i.irq_handler_twi)
    i.item_dequeue                           0x0000172c   Section        0  nrf_drv_clock.o(i.item_dequeue)
    item_dequeue                             0x0000172d   Thumb Code    12  nrf_drv_clock.o(i.item_dequeue)
    i.item_enqueue                           0x00001738   Section        0  nrf_drv_clock.o(i.item_enqueue)
    item_enqueue                             0x00001739   Thumb Code    20  nrf_drv_clock.o(i.item_enqueue)
    i.lfclk_start                            0x0000174c   Section        0  nrf_drv_clock.o(i.lfclk_start)
    lfclk_start                              0x0000174d   Thumb Code    24  nrf_drv_clock.o(i.lfclk_start)
    i.main                                   0x00001764   Section        0  main.o(i.main)
    i.nrf_clock_event_check                  0x00001880   Section        0  nrf_drv_clock.o(i.nrf_clock_event_check)
    nrf_clock_event_check                    0x00001881   Thumb Code    18  nrf_drv_clock.o(i.nrf_clock_event_check)
    i.nrf_clock_event_clear                  0x00001892   Section        0  nrf_drv_clock.o(i.nrf_clock_event_clear)
    nrf_clock_event_clear                    0x00001893   Thumb Code    18  nrf_drv_clock.o(i.nrf_clock_event_clear)
    i.nrf_clock_int_disable                  0x000018a4   Section        0  nrf_drv_clock.o(i.nrf_clock_int_disable)
    nrf_clock_int_disable                    0x000018a5   Thumb Code     6  nrf_drv_clock.o(i.nrf_clock_int_disable)
    i.nrf_clock_int_enable                   0x000018b0   Section        0  nrf_drv_clock.o(i.nrf_clock_int_enable)
    nrf_clock_int_enable                     0x000018b1   Thumb Code     6  nrf_drv_clock.o(i.nrf_clock_int_enable)
    i.nrf_clock_task_trigger                 0x000018bc   Section        0  nrf_drv_clock.o(i.nrf_clock_task_trigger)
    nrf_clock_task_trigger                   0x000018bd   Thumb Code     8  nrf_drv_clock.o(i.nrf_clock_task_trigger)
    i.nrf_delay_ms                           0x000018c4   Section        0  nrf_delay.o(i.nrf_delay_ms)
    i.nrf_drv_clock_init                     0x000018e0   Section        0  nrf_drv_clock.o(i.nrf_drv_clock_init)
    i.nrf_drv_clock_lfclk_request            0x00001920   Section        0  nrf_drv_clock.o(i.nrf_drv_clock_lfclk_request)
    i.nrf_drv_common_irq_enable              0x000019b4   Section        0  nrf_drv_common.o(i.nrf_drv_common_irq_enable)
    i.nrf_drv_get_IRQn                       0x00001a14   Section        0  nrf_drv_twi.o(i.nrf_drv_get_IRQn)
    nrf_drv_get_IRQn                         0x00001a15   Thumb Code    10  nrf_drv_twi.o(i.nrf_drv_get_IRQn)
    i.nrf_drv_gpiote_in_event_enable         0x00001a20   Section        0  nrf_drv_gpiote.o(i.nrf_drv_gpiote_in_event_enable)
    i.nrf_drv_gpiote_in_init                 0x00001b28   Section        0  nrf_drv_gpiote.o(i.nrf_drv_gpiote_in_init)
    i.nrf_drv_gpiote_init                    0x00001c3c   Section        0  nrf_drv_gpiote.o(i.nrf_drv_gpiote_init)
    i.nrf_drv_i2s_init                       0x00001c90   Section        0  nrf_drv_i2s.o(i.nrf_drv_i2s_init)
    i.nrf_drv_i2s_start                      0x00001d28   Section        0  nrf_drv_i2s.o(i.nrf_drv_i2s_start)
    i.nrf_drv_i2s_stop                       0x00001eb4   Section        0  nrf_drv_i2s.o(i.nrf_drv_i2s_stop)
    i.nrf_drv_is_in_RAM                      0x00001f20   Section        0  nrf_drv_i2s.o(i.nrf_drv_is_in_RAM)
    nrf_drv_is_in_RAM                        0x00001f21   Thumb Code    20  nrf_drv_i2s.o(i.nrf_drv_is_in_RAM)
    i.nrf_drv_rtc_enable                     0x00001f34   Section        0  nrf_drv_rtc.o(i.nrf_drv_rtc_enable)
    i.nrf_drv_rtc_init                       0x00001f94   Section        0  nrf_drv_rtc.o(i.nrf_drv_rtc_init)
    i.nrf_drv_rtc_int_handler                0x00002050   Section        0  nrf_drv_rtc.o(i.nrf_drv_rtc_int_handler)
    nrf_drv_rtc_int_handler                  0x00002051   Thumb Code   180  nrf_drv_rtc.o(i.nrf_drv_rtc_int_handler)
    i.nrf_drv_rtc_tick_enable                0x00002108   Section        0  nrf_drv_rtc.o(i.nrf_drv_rtc_tick_enable)
    i.nrf_drv_twi_enable                     0x00002134   Section        0  nrf_drv_twi.o(i.nrf_drv_twi_enable)
    i.nrf_drv_twi_init                       0x0000219c   Section        0  nrf_drv_twi.o(i.nrf_drv_twi_init)
    i.nrf_drv_twi_rx                         0x00002238   Section        0  nrf_drv_twi.o(i.nrf_drv_twi_rx)
    i.nrf_drv_twi_tx                         0x00002264   Section        0  nrf_drv_twi.o(i.nrf_drv_twi_tx)
    i.nrf_drv_twi_xfer                       0x000022a0   Section        0  nrf_drv_twi.o(i.nrf_drv_twi_xfer)
    i.nrf_gpio_cfg                           0x00002334   Section        0  nrf_drv_i2s.o(i.nrf_gpio_cfg)
    nrf_gpio_cfg                             0x00002335   Thumb Code    30  nrf_drv_i2s.o(i.nrf_gpio_cfg)
    i.nrf_gpio_cfg                           0x00002358   Section        0  nrf_drv_gpiote.o(i.nrf_gpio_cfg)
    nrf_gpio_cfg                             0x00002359   Thumb Code    30  nrf_drv_gpiote.o(i.nrf_gpio_cfg)
    i.nrf_gpio_cfg_input                     0x0000237c   Section        0  nrf_drv_i2s.o(i.nrf_gpio_cfg_input)
    nrf_gpio_cfg_input                       0x0000237d   Thumb Code    26  nrf_drv_i2s.o(i.nrf_gpio_cfg_input)
    i.nrf_gpio_cfg_output                    0x00002396   Section        0  nrf_drv_i2s.o(i.nrf_gpio_cfg_output)
    nrf_gpio_cfg_output                      0x00002397   Thumb Code    24  nrf_drv_i2s.o(i.nrf_gpio_cfg_output)
    i.nrf_gpio_cfg_sense_set                 0x000023b0   Section        0  nrf_drv_gpiote.o(i.nrf_gpio_cfg_sense_set)
    nrf_gpio_cfg_sense_set                   0x000023b1   Thumb Code    32  nrf_drv_gpiote.o(i.nrf_gpio_cfg_sense_set)
    i.nrf_gpio_pin_clear                     0x000023d4   Section        0  nrf_drv_twi.o(i.nrf_gpio_pin_clear)
    nrf_gpio_pin_clear                       0x000023d5   Thumb Code    10  nrf_drv_twi.o(i.nrf_gpio_pin_clear)
    i.nrf_gpio_pin_read                      0x000023e4   Section        0  main.o(i.nrf_gpio_pin_read)
    nrf_gpio_pin_read                        0x000023e5   Thumb Code    14  main.o(i.nrf_gpio_pin_read)
    i.nrf_gpio_pin_set                       0x000023f8   Section        0  nrf_drv_twi.o(i.nrf_gpio_pin_set)
    nrf_gpio_pin_set                         0x000023f9   Thumb Code    10  nrf_drv_twi.o(i.nrf_gpio_pin_set)
    i.nrf_gpiote_event_addr_get              0x00002408   Section        0  nrf_drv_gpiote.o(i.nrf_gpiote_event_addr_get)
    nrf_gpiote_event_addr_get                0x00002409   Thumb Code     8  nrf_drv_gpiote.o(i.nrf_gpiote_event_addr_get)
    i.nrf_gpiote_event_clear                 0x00002414   Section        0  nrf_drv_gpiote.o(i.nrf_gpiote_event_clear)
    nrf_gpiote_event_clear                   0x00002415   Thumb Code    28  nrf_drv_gpiote.o(i.nrf_gpiote_event_clear)
    i.nrf_gpiote_event_is_set                0x00002430   Section        0  nrf_drv_gpiote.o(i.nrf_gpiote_event_is_set)
    nrf_gpiote_event_is_set                  0x00002431   Thumb Code    22  nrf_drv_gpiote.o(i.nrf_gpiote_event_is_set)
    i.nrf_gpiote_int_enable                  0x00002448   Section        0  nrf_drv_gpiote.o(i.nrf_gpiote_int_enable)
    nrf_gpiote_int_enable                    0x00002449   Thumb Code     6  nrf_drv_gpiote.o(i.nrf_gpiote_int_enable)
    i.nrf_i2s_configure                      0x00002454   Section        0  nrf_drv_i2s.o(i.nrf_i2s_configure)
    nrf_i2s_configure                        0x00002455   Thumb Code   108  nrf_drv_i2s.o(i.nrf_i2s_configure)
    i.nrf_i2s_event_check                    0x000024c0   Section        0  nrf_drv_i2s.o(i.nrf_i2s_event_check)
    nrf_i2s_event_check                      0x000024c1   Thumb Code    14  nrf_drv_i2s.o(i.nrf_i2s_event_check)
    i.nrf_i2s_event_clear                    0x000024ce   Section        0  nrf_drv_i2s.o(i.nrf_i2s_event_clear)
    nrf_i2s_event_clear                      0x000024cf   Thumb Code     6  nrf_drv_i2s.o(i.nrf_i2s_event_clear)
    i.nrf_i2s_rx_buffer_set                  0x000024d4   Section        0  nrf_drv_i2s.o(i.nrf_i2s_rx_buffer_set)
    nrf_i2s_rx_buffer_set                    0x000024d5   Thumb Code     6  nrf_drv_i2s.o(i.nrf_i2s_rx_buffer_set)
    i.nrf_i2s_task_trigger                   0x000024da   Section        0  nrf_drv_i2s.o(i.nrf_i2s_task_trigger)
    nrf_i2s_task_trigger                     0x000024db   Thumb Code     6  nrf_drv_i2s.o(i.nrf_i2s_task_trigger)
    i.nrf_i2s_tx_buffer_set                  0x000024e0   Section        0  nrf_drv_i2s.o(i.nrf_i2s_tx_buffer_set)
    nrf_i2s_tx_buffer_set                    0x000024e1   Thumb Code     6  nrf_drv_i2s.o(i.nrf_i2s_tx_buffer_set)
    i.nrf_rtc_event_clear                    0x000024e6   Section        0  nrf_drv_rtc.o(i.nrf_rtc_event_clear)
    nrf_rtc_event_clear                      0x000024e7   Thumb Code    14  nrf_drv_rtc.o(i.nrf_rtc_event_clear)
    i.nrf_rtc_event_disable                  0x000024f4   Section        0  nrf_drv_rtc.o(i.nrf_rtc_event_disable)
    nrf_rtc_event_disable                    0x000024f5   Thumb Code     6  nrf_drv_rtc.o(i.nrf_rtc_event_disable)
    i.nrf_rtc_event_enable                   0x000024fa   Section        0  nrf_drv_rtc.o(i.nrf_rtc_event_enable)
    nrf_rtc_event_enable                     0x000024fb   Thumb Code     6  nrf_drv_rtc.o(i.nrf_rtc_event_enable)
    i.nrf_rtc_event_pending                  0x00002500   Section        0  nrf_drv_rtc.o(i.nrf_rtc_event_pending)
    nrf_rtc_event_pending                    0x00002501   Thumb Code     6  nrf_drv_rtc.o(i.nrf_rtc_event_pending)
    i.nrf_rtc_int_disable                    0x00002506   Section        0  nrf_drv_rtc.o(i.nrf_rtc_int_disable)
    nrf_rtc_int_disable                      0x00002507   Thumb Code     6  nrf_drv_rtc.o(i.nrf_rtc_int_disable)
    i.nrf_rtc_int_enable                     0x0000250c   Section        0  nrf_drv_rtc.o(i.nrf_rtc_int_enable)
    nrf_rtc_int_enable                       0x0000250d   Thumb Code     6  nrf_drv_rtc.o(i.nrf_rtc_int_enable)
    i.nrf_rtc_int_is_enabled                 0x00002512   Section        0  nrf_drv_rtc.o(i.nrf_rtc_int_is_enabled)
    nrf_rtc_int_is_enabled                   0x00002513   Thumb Code    10  nrf_drv_rtc.o(i.nrf_rtc_int_is_enabled)
    i.nrf_rtc_task_trigger                   0x0000251c   Section        0  nrf_drv_rtc.o(i.nrf_rtc_task_trigger)
    nrf_rtc_task_trigger                     0x0000251d   Thumb Code     6  nrf_drv_rtc.o(i.nrf_rtc_task_trigger)
    i.nrf_twi_event_check                    0x00002522   Section        0  nrf_drv_twi.o(i.nrf_twi_event_check)
    nrf_twi_event_check                      0x00002523   Thumb Code    14  nrf_drv_twi.o(i.nrf_twi_event_check)
    i.nrf_twi_event_clear                    0x00002530   Section        0  nrf_drv_twi.o(i.nrf_twi_event_clear)
    nrf_twi_event_clear                      0x00002531   Thumb Code     6  nrf_drv_twi.o(i.nrf_twi_event_clear)
    i.nrf_twi_int_disable                    0x00002536   Section        0  nrf_drv_twi.o(i.nrf_twi_int_disable)
    nrf_twi_int_disable                      0x00002537   Thumb Code     6  nrf_drv_twi.o(i.nrf_twi_int_disable)
    i.nrf_twi_int_enable                     0x0000253c   Section        0  nrf_drv_twi.o(i.nrf_twi_int_enable)
    nrf_twi_int_enable                       0x0000253d   Thumb Code     6  nrf_drv_twi.o(i.nrf_twi_int_enable)
    i.nrf_twi_shorts_set                     0x00002542   Section        0  nrf_drv_twi.o(i.nrf_twi_shorts_set)
    nrf_twi_shorts_set                       0x00002543   Thumb Code     6  nrf_drv_twi.o(i.nrf_twi_shorts_set)
    i.nrf_twi_task_trigger                   0x00002548   Section        0  nrf_drv_twi.o(i.nrf_twi_task_trigger)
    nrf_twi_task_trigger                     0x00002549   Thumb Code     6  nrf_drv_twi.o(i.nrf_twi_task_trigger)
    i.pin_in_use_by_gpiote                   0x00002550   Section        0  nrf_drv_gpiote.o(i.pin_in_use_by_gpiote)
    pin_in_use_by_gpiote                     0x00002551   Thumb Code    22  nrf_drv_gpiote.o(i.pin_in_use_by_gpiote)
    i.pin_in_use_by_port                     0x0000256c   Section        0  nrf_drv_gpiote.o(i.pin_in_use_by_port)
    pin_in_use_by_port                       0x0000256d   Thumb Code    18  nrf_drv_gpiote.o(i.pin_in_use_by_port)
    i.pin_in_use_by_te                       0x00002584   Section        0  nrf_drv_gpiote.o(i.pin_in_use_by_te)
    pin_in_use_by_te                         0x00002585   Thumb Code    26  nrf_drv_gpiote.o(i.pin_in_use_by_te)
    i.pin_in_use_clear                       0x000025a4   Section        0  nrf_drv_gpiote.o(i.pin_in_use_clear)
    pin_in_use_clear                         0x000025a5   Thumb Code     8  nrf_drv_gpiote.o(i.pin_in_use_clear)
    i.privilege_level_get                    0x000025b0   Section        0  app_util_platform.o(i.privilege_level_get)
    privilege_level_get                      0x000025b1   Thumb Code    34  app_util_platform.o(i.privilege_level_get)
    i.rtc_config                             0x000025d4   Section        0  real_time_clock.o(i.rtc_config)
    i.rtc_elapse_time                        0x0000264c   Section        0  real_time_clock.o(i.rtc_elapse_time)
    i.rtc_handler                            0x00002660   Section        0  real_time_clock.o(i.rtc_handler)
    rtc_handler                              0x00002661   Thumb Code    26  real_time_clock.o(i.rtc_handler)
    i.rtc_lfclk_config                       0x00002680   Section        0  real_time_clock.o(i.rtc_lfclk_config)
    i.rtc_reset_time                         0x000026bc   Section        0  real_time_clock.o(i.rtc_reset_time)
    i.rtc_switch_counter_value               0x000026d4   Section        0  real_time_clock.o(i.rtc_switch_counter_value)
    i.rtc_switch_start_time                  0x000026e0   Section        0  real_time_clock.o(i.rtc_switch_start_time)
    i.rtc_total_switch_counter               0x000026f8   Section        0  real_time_clock.o(i.rtc_total_switch_counter)
    i.switch_config                          0x00002708   Section        0  switch.o(i.switch_config)
    i.switch_handler                         0x00002784   Section        0  switch.o(i.switch_handler)
    i.twi_clear_bus                          0x000027cc   Section        0  nrf_drv_twi.o(i.twi_clear_bus)
    twi_clear_bus                            0x000027cd   Thumb Code   138  nrf_drv_twi.o(i.twi_clear_bus)
    i.twi_receive_byte                       0x00002860   Section        0  nrf_drv_twi.o(i.twi_receive_byte)
    twi_receive_byte                         0x00002861   Thumb Code    76  nrf_drv_twi.o(i.twi_receive_byte)
    i.twi_rx_start_transfer                  0x000028ac   Section        0  nrf_drv_twi.o(i.twi_rx_start_transfer)
    twi_rx_start_transfer                    0x000028ad   Thumb Code   166  nrf_drv_twi.o(i.twi_rx_start_transfer)
    i.twi_send_byte                          0x00002952   Section        0  nrf_drv_twi.o(i.twi_send_byte)
    twi_send_byte                            0x00002953   Thumb Code    72  nrf_drv_twi.o(i.twi_send_byte)
    i.twi_transfer                           0x0000299a   Section        0  nrf_drv_twi.o(i.twi_transfer)
    twi_transfer                             0x0000299b   Thumb Code   290  nrf_drv_twi.o(i.twi_transfer)
    i.twi_tx_start_transfer                  0x00002abc   Section        0  nrf_drv_twi.o(i.twi_tx_start_transfer)
    twi_tx_start_transfer                    0x00002abd   Thumb Code   172  nrf_drv_twi.o(i.twi_tx_start_transfer)
    i.twi_xfer                               0x00002b68   Section        0  nrf_drv_twi.o(i.twi_xfer)
    twi_xfer                                 0x00002b69   Thumb Code   184  nrf_drv_twi.o(i.twi_xfer)
    .constdata                               0x00002c20   Section       24  i2c1_master.o(.constdata)
    .constdata                               0x00002c38   Section    24532  audiocodec.o(.constdata)
    .constdata                               0x00008c0c   Section       20  i2s_master.o(.constdata)
    .constdata                               0x00008c20   Section       14  real_time_clock.o(.constdata)
    .constdata                               0x00008c30   Section        4  switch.o(.constdata)
    .constdata                               0x00008c34   Section       28  nrf_drv_twi.o(.constdata)
    m_default_config                         0x00008c34   Data          16  nrf_drv_twi.o(.constdata)
    .constdata                               0x00008c50   Section       20  nrf_drv_i2s.o(.constdata)
    m_default_config                         0x00008c50   Data          20  nrf_drv_i2s.o(.constdata)
    .constdata                               0x00008c64   Section        6  nrf_drv_rtc.o(.constdata)
    m_default_config                         0x00008c64   Data           6  nrf_drv_rtc.o(.constdata)
    .data                                    0x20000000   Section        3  i2c1_master.o(.data)
    owner                                    0x20000001   Data           1  i2c1_master.o(.data)
    data_transfer_complete                   0x20000002   Data           1  i2c1_master.o(.data)
    .data                                    0x20000004   Section       25  audiocodec.o(.data)
    sample_size                              0x2000001c   Data           1  audiocodec.o(.data)
    .data                                    0x2000001e   Section        3  i2s_master.o(.data)
    data_amount                              0x2000001e   Data           2  i2s_master.o(.data)
    pll_srm_lock_result                      0x20000020   Data           1  i2s_master.o(.data)
    .data                                    0x20000028   Section       24  real_time_clock.o(.data)
    .data                                    0x20000040   Section        3  switch.o(.data)
    .data                                    0x20000044   Section        7  nrf_drv_rtc.o(.data)
    m_handlers                               0x20000044   Data           4  nrf_drv_rtc.o(.data)
    m_cb                                     0x20000048   Data           3  nrf_drv_rtc.o(.data)
    .data                                    0x2000004c   Section        4  app_util_platform.o(.data)
    m_in_critical_region                     0x2000004c   Data           4  app_util_platform.o(.data)
    .data                                    0x20000050   Section        4  system_nrf52.o(.data)
    __tagsym$$used                           0x20000050   Number         0  system_nrf52.o(.data)
    .bss                                     0x20000054   Section       60  i2c1_master.o(.bss)
    .bss                                     0x20000090   Section      120  audiocodec.o(.bss)
    config_struct                            0x20000090   Data          21  audiocodec.o(.bss)
    i2s_data_struct                          0x200000a8   Data          56  audiocodec.o(.bss)
    .bss                                     0x20000108   Section    16000  i2s_master.o(.bss)
    transmit_buffer                          0x20000108   Data       16000  i2s_master.o(.bss)
    .bss                                     0x20003f88   Section       40  nrf_drv_twi.o(.bss)
    m_cb                                     0x20003f88   Data          40  nrf_drv_twi.o(.bss)
    .bss                                     0x20003fb0   Section       16  nrf_drv_i2s.o(.bss)
    m_cb                                     0x20003fb0   Data          16  nrf_drv_i2s.o(.bss)
    .bss                                     0x20003fc0   Section       20  nrf_drv_clock.o(.bss)
    m_clock_cb                               0x20003fc0   Data          20  nrf_drv_clock.o(.bss)
    .bss                                     0x20003fd4   Section       72  nrf_drv_gpiote.o(.bss)
    m_cb                                     0x20003fd4   Data          72  nrf_drv_gpiote.o(.bss)
    .bss                                     0x2000401c   Section       32  app_error.o(.bss)
    m_error_data                             0x2000401c   Data          32  app_error.o(.bss)
    STACK                                    0x20004040   Section     8192  arm_startup_nrf52.o(STACK)

    Global Symbols

    Symbol Name                              Value     Ov Type        Size  Object(Section)

    BuildAttributes$$THM_ISAv4$E$P$D$K$B$S$7EM$VFPi3$EXTD16$VFPS$VFMA$PE$A:L22UL41UL21$X:L11$S22US41US21$IEEE1$IW$USESV6$~STKCKD$USESV7$~SHL$OSPACE$EBA8$MICROLIB$REQ8$PRES8$EABIv2 0x00000000   Number         0  anon$$obj.o ABSOLUTE
    __ARM_use_no_argv                        0x00000000   Number         0  main.o ABSOLUTE
    __Vectors                                0x00000000   Data           4  arm_startup_nrf52.o(RESET)
    __cpp_initialize__aeabi_                  - Undefined Weak Reference
    __cxa_finalize                            - Undefined Weak Reference
    __decompress                              - Undefined Weak Reference
    _clock_init                               - Undefined Weak Reference
    _microlib_exit                            - Undefined Weak Reference
    __Vectors_End                            0x00000400   Data           0  arm_startup_nrf52.o(RESET)
    __Vectors_Size                           0x00000400   Number         0  arm_startup_nrf52.o ABSOLUTE
    __main                                   0x00000401   Thumb Code     0  entry.o(.ARM.Collect$$$$00000000)
    _main_stk                                0x00000401   Thumb Code     0  entry2.o(.ARM.Collect$$$$00000001)
    _main_scatterload                        0x00000405   Thumb Code     0  entry5.o(.ARM.Collect$$$$00000004)
    __main_after_scatterload                 0x00000409   Thumb Code     0  entry5.o(.ARM.Collect$$$$00000004)
    _main_clock                              0x00000409   Thumb Code     0  entry7b.o(.ARM.Collect$$$$00000008)
    _main_cpp_init                           0x00000409   Thumb Code     0  entry8b.o(.ARM.Collect$$$$0000000A)
    _main_init                               0x00000409   Thumb Code     0  entry9a.o(.ARM.Collect$$$$0000000B)
    __rt_final_cpp                           0x00000411   Thumb Code     0  entry10a.o(.ARM.Collect$$$$0000000D)
    __rt_final_exit                          0x00000411   Thumb Code     0  entry11a.o(.ARM.Collect$$$$0000000F)
    __asm___13_nrf_drv_twi_c_a9bcf68d__nrf_delay_us 0x00000415   Thumb Code   118  nrf_drv_twi.o(.emb_text)
    __asm___11_nrf_delay_c_532987f3__nrf_delay_us 0x0000048d   Thumb Code   118  nrf_delay.o(.emb_text)
    Reset_Handler                            0x00000505   Thumb Code     8  arm_startup_nrf52.o(.text)
    NMI_Handler                              0x0000050d   Thumb Code     2  arm_startup_nrf52.o(.text)
    HardFault_Handler                        0x0000050f   Thumb Code     2  arm_startup_nrf52.o(.text)
    MemoryManagement_Handler                 0x00000511   Thumb Code     2  arm_startup_nrf52.o(.text)
    BusFault_Handler                         0x00000513   Thumb Code     2  arm_startup_nrf52.o(.text)
    UsageFault_Handler                       0x00000515   Thumb Code     2  arm_startup_nrf52.o(.text)
    SVC_Handler                              0x00000517   Thumb Code     2  arm_startup_nrf52.o(.text)
    PendSV_Handler                           0x00000519   Thumb Code     2  arm_startup_nrf52.o(.text)
    SysTick_Handler                          0x0000051b   Thumb Code     2  arm_startup_nrf52.o(.text)
    CCM_AAR_IRQHandler                       0x0000051d   Thumb Code     0  arm_startup_nrf52.o(.text)
    COMP_LPCOMP_IRQHandler                   0x0000051d   Thumb Code     0  arm_startup_nrf52.o(.text)
    ECB_IRQHandler                           0x0000051d   Thumb Code     0  arm_startup_nrf52.o(.text)
    MWU_IRQHandler                           0x0000051d   Thumb Code     0  arm_startup_nrf52.o(.text)
    NFCT_IRQHandler                          0x0000051d   Thumb Code     0  arm_startup_nrf52.o(.text)
    PDM_IRQHandler                           0x0000051d   Thumb Code     0  arm_startup_nrf52.o(.text)
    PWM0_IRQHandler                          0x0000051d   Thumb Code     0  arm_startup_nrf52.o(.text)
    PWM1_IRQHandler                          0x0000051d   Thumb Code     0  arm_startup_nrf52.o(.text)
    PWM2_IRQHandler                          0x0000051d   Thumb Code     0  arm_startup_nrf52.o(.text)
    QDEC_IRQHandler                          0x0000051d   Thumb Code     0  arm_startup_nrf52.o(.text)
    RADIO_IRQHandler                         0x0000051d   Thumb Code     0  arm_startup_nrf52.o(.text)
    RNG_IRQHandler                           0x0000051d   Thumb Code     0  arm_startup_nrf52.o(.text)
    RTC1_IRQHandler                          0x0000051d   Thumb Code     0  arm_startup_nrf52.o(.text)
    RTC2_IRQHandler                          0x0000051d   Thumb Code     0  arm_startup_nrf52.o(.text)
    SAADC_IRQHandler                         0x0000051d   Thumb Code     0  arm_startup_nrf52.o(.text)
    SPIM0_SPIS0_TWIM0_TWIS0_SPI0_TWI0_IRQHandler 0x0000051d   Thumb Code     0  arm_startup_nrf52.o(.text)
    SPIM2_SPIS2_SPI2_IRQHandler              0x0000051d   Thumb Code     0  arm_startup_nrf52.o(.text)
    SWI0_EGU0_IRQHandler                     0x0000051d   Thumb Code     0  arm_startup_nrf52.o(.text)
    SWI1_EGU1_IRQHandler                     0x0000051d   Thumb Code     0  arm_startup_nrf52.o(.text)
    SWI2_EGU2_IRQHandler                     0x0000051d   Thumb Code     0  arm_startup_nrf52.o(.text)
    SWI3_EGU3_IRQHandler                     0x0000051d   Thumb Code     0  arm_startup_nrf52.o(.text)
    SWI4_EGU4_IRQHandler                     0x0000051d   Thumb Code     0  arm_startup_nrf52.o(.text)
    SWI5_EGU5_IRQHandler                     0x0000051d   Thumb Code     0  arm_startup_nrf52.o(.text)
    TEMP_IRQHandler                          0x0000051d   Thumb Code     0  arm_startup_nrf52.o(.text)
    TIMER0_IRQHandler                        0x0000051d   Thumb Code     0  arm_startup_nrf52.o(.text)
    TIMER1_IRQHandler                        0x0000051d   Thumb Code     0  arm_startup_nrf52.o(.text)
    TIMER2_IRQHandler                        0x0000051d   Thumb Code     0  arm_startup_nrf52.o(.text)
    TIMER3_IRQHandler                        0x0000051d   Thumb Code     0  arm_startup_nrf52.o(.text)
    TIMER4_IRQHandler                        0x0000051d   Thumb Code     0  arm_startup_nrf52.o(.text)
    UARTE0_UART0_IRQHandler                  0x0000051d   Thumb Code     0  arm_startup_nrf52.o(.text)
    WDT_IRQHandler                           0x0000051d   Thumb Code     0  arm_startup_nrf52.o(.text)
    __aeabi_memcpy                           0x00000529   Thumb Code    36  memcpya.o(.text)
    __aeabi_memcpy4                          0x00000529   Thumb Code     0  memcpya.o(.text)
    __aeabi_memcpy8                          0x00000529   Thumb Code     0  memcpya.o(.text)
    __aeabi_memset                           0x0000054d   Thumb Code    14  memseta.o(.text)
    __aeabi_memset4                          0x0000054d   Thumb Code     0  memseta.o(.text)
    __aeabi_memset8                          0x0000054d   Thumb Code     0  memseta.o(.text)
    __aeabi_memclr                           0x0000055b   Thumb Code     4  memseta.o(.text)
    __aeabi_memclr4                          0x0000055b   Thumb Code     0  memseta.o(.text)
    __aeabi_memclr8                          0x0000055b   Thumb Code     0  memseta.o(.text)
    _memset$wrapper                          0x0000055f   Thumb Code    18  memseta.o(.text)
    __scatterload                            0x00000571   Thumb Code    28  init.o(.text)
    __scatterload_rt2                        0x00000571   Thumb Code     0  init.o(.text)
    Config                                   0x00000595   Thumb Code    24  main.o(i.Config)
    GPIOTE_IRQHandler                        0x000005ad   Thumb Code   420  nrf_drv_gpiote.o(i.GPIOTE_IRQHandler)
    I2C1master_StartTX                       0x00000765   Thumb Code   218  i2c1_master.o(i.I2C1master_StartTX)
    I2C1master_config                        0x00000865   Thumb Code    54  i2c1_master.o(i.I2C1master_config)
    I2S_IRQHandler                           0x000008b9   Thumb Code   340  nrf_drv_i2s.o(i.I2S_IRQHandler)
    I2Smaster_config                         0x00000a19   Thumb Code   116  i2s_master.o(i.I2Smaster_config)
    I2Smaster_startTransmit                  0x00000aa9   Thumb Code    84  i2s_master.o(i.I2Smaster_startTransmit)
    Owner_Update                             0x00000b19   Thumb Code     6  i2c1_master.o(i.Owner_Update)
    POWER_CLOCK_IRQHandler                   0x00000b25   Thumb Code    84  nrf_drv_clock.o(i.POWER_CLOCK_IRQHandler)
    RTC0_IRQHandler                          0x00000b7d   Thumb Code    14  nrf_drv_rtc.o(i.RTC0_IRQHandler)
    SPIM1_SPIS1_TWIM1_TWIS1_SPI1_TWI1_IRQHandler 0x00000b91   Thumb Code    14  nrf_drv_twi.o(i.SPIM1_SPIS1_TWIM1_TWIS1_SPI1_TWI1_IRQHandler)
    SystemCoreClockUpdate                    0x00000ba5   Thumb Code     8  system_nrf52.o(i.SystemCoreClockUpdate)
    SystemInit                               0x00000bb5   Thumb Code   208  system_nrf52.o(i.SystemInit)
    __scatterload_copy                       0x00000ca1   Thumb Code    14  handlers.o(i.__scatterload_copy)
    __scatterload_null                       0x00000caf   Thumb Code     2  handlers.o(i.__scatterload_null)
    __scatterload_zeroinit                   0x00000cb1   Thumb Code    14  handlers.o(i.__scatterload_zeroinit)
    app_error_fault_handler                  0x00000cbf   Thumb Code    20  app_error_weak.o(i.app_error_fault_handler)
    app_error_handler                        0x00000cd3   Thumb Code    32  app_error.o(i.app_error_handler)
    app_error_save_and_stop                  0x00000cf5   Thumb Code   132  app_error.o(i.app_error_save_and_stop)
    app_util_critical_region_enter           0x00000d7d   Thumb Code    26  app_util_platform.o(i.app_util_critical_region_enter)
    app_util_critical_region_exit            0x00000dc9   Thumb Code    26  app_util_platform.o(i.app_util_critical_region_exit)
    app_util_disable_irq                     0x00000e15   Thumb Code    14  app_util_platform.o(i.app_util_disable_irq)
    app_util_enable_irq                      0x00000e29   Thumb Code    20  app_util_platform.o(i.app_util_enable_irq)
    assert_nrf_callback                      0x00000e41   Thumb Code    26  nrf_assert.o(i.assert_nrf_callback)
    audiocodec_config                        0x00000e5d   Thumb Code   148  audiocodec.o(i.audiocodec_config)
    audiocodec_i2s_data_prep                 0x00000f01   Thumb Code    96  audiocodec.o(i.audiocodec_i2s_data_prep)
    audiocodec_i2s_start_transmit_data       0x00000f7d   Thumb Code   132  audiocodec.o(i.audiocodec_i2s_start_transmit_data)
    audiocodec_pll_srm_lock                  0x00001009   Thumb Code   212  i2c1_master.o(i.audiocodec_pll_srm_lock)
    audiocodec_stop_i2s                      0x00001101   Thumb Code    16  audiocodec.o(i.audiocodec_stop_i2s)
    audiocodec_transmit_data_i2c1            0x00001111   Thumb Code   206  audiocodec.o(i.audiocodec_transmit_data_i2c1)
    audiocodec_transmitdata_update_i2s       0x00001201   Thumb Code   212  audiocodec.o(i.audiocodec_transmitdata_update_i2s)
    audiocodec_volume_control                0x000012dd   Thumb Code   114  audiocodec.o(i.audiocodec_volume_control)
    device_new_state                         0x000014dd   Thumb Code     6  switch.o(i.device_new_state)
    device_previous_state                    0x000014e9   Thumb Code     6  switch.o(i.device_previous_state)
    device_state                             0x000014f5   Thumb Code     6  switch.o(i.device_state)
    device_state_change                      0x00001501   Thumb Code    36  switch.o(i.device_state_change)
    event_handler_i2c1                       0x00001531   Thumb Code    42  i2c1_master.o(i.event_handler_i2c1)
    main                                     0x00001765   Thumb Code   284  main.o(i.main)
    nrf_delay_ms                             0x000018c5   Thumb Code    26  nrf_delay.o(i.nrf_delay_ms)
    nrf_drv_clock_init                       0x000018e1   Thumb Code    56  nrf_drv_clock.o(i.nrf_drv_clock_init)
    nrf_drv_clock_lfclk_request              0x00001921   Thumb Code    96  nrf_drv_clock.o(i.nrf_drv_clock_lfclk_request)
    nrf_drv_common_irq_enable                0x000019b5   Thumb Code    84  nrf_drv_common.o(i.nrf_drv_common_irq_enable)
    nrf_drv_gpiote_in_event_enable           0x00001a21   Thumb Code   202  nrf_drv_gpiote.o(i.nrf_drv_gpiote_in_event_enable)
    nrf_drv_gpiote_in_init                   0x00001b29   Thumb Code   212  nrf_drv_gpiote.o(i.nrf_drv_gpiote_in_init)
    nrf_drv_gpiote_init                      0x00001c3d   Thumb Code    78  nrf_drv_gpiote.o(i.nrf_drv_gpiote_init)
    nrf_drv_i2s_init                         0x00001c91   Thumb Code    94  nrf_drv_i2s.o(i.nrf_drv_i2s_init)
    nrf_drv_i2s_start                        0x00001d29   Thumb Code   336  nrf_drv_i2s.o(i.nrf_drv_i2s_start)
    nrf_drv_i2s_stop                         0x00001eb5   Thumb Code    52  nrf_drv_i2s.o(i.nrf_drv_i2s_stop)
    nrf_drv_rtc_enable                       0x00001f35   Thumb Code    48  nrf_drv_rtc.o(i.nrf_drv_rtc_enable)
    nrf_drv_rtc_init                         0x00001f95   Thumb Code   136  nrf_drv_rtc.o(i.nrf_drv_rtc_init)
    nrf_drv_rtc_tick_enable                  0x00002109   Thumb Code    44  nrf_drv_rtc.o(i.nrf_drv_rtc_tick_enable)
    nrf_drv_twi_enable                       0x00002135   Thumb Code    52  nrf_drv_twi.o(i.nrf_drv_twi_enable)
    nrf_drv_twi_init                         0x0000219d   Thumb Code   142  nrf_drv_twi.o(i.nrf_drv_twi_init)
    nrf_drv_twi_rx                           0x00002239   Thumb Code    40  nrf_drv_twi.o(i.nrf_drv_twi_rx)
    nrf_drv_twi_tx                           0x00002265   Thumb Code    60  nrf_drv_twi.o(i.nrf_drv_twi_tx)
    nrf_drv_twi_xfer                         0x000022a1   Thumb Code    96  nrf_drv_twi.o(i.nrf_drv_twi_xfer)
    rtc_config                               0x000025d5   Thumb Code    86  real_time_clock.o(i.rtc_config)
    rtc_elapse_time                          0x0000264d   Thumb Code    12  real_time_clock.o(i.rtc_elapse_time)
    rtc_lfclk_config                         0x00002681   Thumb Code    38  real_time_clock.o(i.rtc_lfclk_config)
    rtc_reset_time                           0x000026bd   Thumb Code    16  real_time_clock.o(i.rtc_reset_time)
    rtc_switch_counter_value                 0x000026d5   Thumb Code     6  real_time_clock.o(i.rtc_switch_counter_value)
    rtc_switch_start_time                    0x000026e1   Thumb Code    14  real_time_clock.o(i.rtc_switch_start_time)
    rtc_total_switch_counter                 0x000026f9   Thumb Code    12  real_time_clock.o(i.rtc_total_switch_counter)
    switch_config                            0x00002709   Thumb Code    96  switch.o(i.switch_config)
    switch_handler                           0x00002785   Thumb Code    62  switch.o(i.switch_handler)
    i2c1_master_instance                     0x00002c20   Data           8  i2c1_master.o(.constdata)
    config_address                           0x00002c38   Data          21  audiocodec.o(.constdata)
    codec_repeat_write                       0x00002c4d   Data           2  audiocodec.o(.constdata)
    codec_reset                              0x00002c4f   Data           2  audiocodec.o(.constdata)
    codec_start                              0x00002c51   Data           2  audiocodec.o(.constdata)
    codec_stop                               0x00002c53   Data           2  audiocodec.o(.constdata)
    pll_srm_enable                           0x00002c55   Data           2  audiocodec.o(.constdata)
    sample_data_9                            0x00002c58   Data        6160  audiocodec.o(.constdata)
    sample_data_10                           0x00004468   Data        6160  audiocodec.o(.constdata)
    sample_data_19                           0x00005c78   Data        6160  audiocodec.o(.constdata)
    sample_data_4                            0x00007488   Data        6020  audiocodec.o(.constdata)
    Region$$Table$$Base                      0x00008c6c   Number         0  anon$$obj.o(Region$$Table)
    Region$$Table$$Limit                     0x00008c8c   Number         0  anon$$obj.o(Region$$Table)
    data_size                                0x20000000   Data           1  i2c1_master.o(.data)
    volume_control_data                      0x20000004   Data           4  audiocodec.o(.data)
    volume_cont_reg                          0x20000008   Data           4  audiocodec.o(.data)
    device_volume                            0x2000000c   Data           1  audiocodec.o(.data)
    messages_size                            0x2000000e   Data          14  audiocodec.o(.data)
    tickcounter                              0x20000028   Data           8  real_time_clock.o(.data)
    switch_start_tick_value                  0x20000030   Data           8  real_time_clock.o(.data)
    switch_counter_value                     0x20000038   Data           2  real_time_clock.o(.data)
    err_code                                 0x2000003c   Data           4  real_time_clock.o(.data)
    presentstate                             0x20000040   Data           1  switch.o(.data)
    paststate                                0x20000041   Data           1  switch.o(.data)
    newstate                                 0x20000042   Data           1  switch.o(.data)
    SystemCoreClock                          0x20000050   Data           4  system_nrf52.o(.data)
    transmit_buffer                          0x20000054   Data          60  i2c1_master.o(.bss)
    data_address_pointer                     0x200000e0   Data          40  audiocodec.o(.bss)
    __initial_sp                             0x20006040   Data           0  arm_startup_nrf52.o(STACK)



==============================================================================

Memory Map of the image

  Image Entry point : 0x00000401

  Load Region LR_IROM1 (Base: 0x00000000, Size: 0x00008ce0, Max: 0x00080000, ABSOLUTE)

    Execution Region ER_IROM1 (Base: 0x00000000, Size: 0x00008c8c, Max: 0x00080000, ABSOLUTE)

    Base Addr    Size         Type   Attr      Idx    E Section Name        Object

    0x00000000   0x00000400   Data   RO         1818    RESET               arm_startup_nrf52.o
    0x00000400   0x00000000   Code   RO         1878  * .ARM.Collect$$$$00000000  mc_w.l(entry.o)
    0x00000400   0x00000004   Code   RO         1887    .ARM.Collect$$$$00000001  mc_w.l(entry2.o)
    0x00000404   0x00000004   Code   RO         1890    .ARM.Collect$$$$00000004  mc_w.l(entry5.o)
    0x00000408   0x00000000   Code   RO         1892    .ARM.Collect$$$$00000008  mc_w.l(entry7b.o)
    0x00000408   0x00000000   Code   RO         1894    .ARM.Collect$$$$0000000A  mc_w.l(entry8b.o)
    0x00000408   0x00000008   Code   RO         1895    .ARM.Collect$$$$0000000B  mc_w.l(entry9a.o)
    0x00000410   0x00000000   Code   RO         1897    .ARM.Collect$$$$0000000D  mc_w.l(entry10a.o)
    0x00000410   0x00000000   Code   RO         1899    .ARM.Collect$$$$0000000F  mc_w.l(entry11a.o)
    0x00000410   0x00000004   Code   RO         1888    .ARM.Collect$$$$00002712  mc_w.l(entry2.o)
    0x00000414   0x00000076   Code   RO          518    .emb_text           nrf_drv_twi.o
    0x0000048a   0x00000002   PAD
    0x0000048c   0x00000076   Code   RO          710    .emb_text           nrf_delay.o
    0x00000502   0x00000002   PAD
    0x00000504   0x00000024   Code   RO         1819    .text               arm_startup_nrf52.o
    0x00000528   0x00000024   Code   RO         1881    .text               mc_w.l(memcpya.o)
    0x0000054c   0x00000024   Code   RO         1883    .text               mc_w.l(memseta.o)
    0x00000570   0x00000024   Code   RO         1901    .text               mc_w.l(init.o)
    0x00000594   0x00000018   Code   RO            4    i.Config            main.o
    0x000005ac   0x000001b8   Code   RO         1226    i.GPIOTE_IRQHandler  nrf_drv_gpiote.o
    0x00000764   0x00000100   Code   RO          148    i.I2C1master_StartTX  i2c1_master.o
    0x00000864   0x00000054   Code   RO          149    i.I2C1master_config  i2c1_master.o
    0x000008b8   0x00000160   Code   RO          779    i.I2S_IRQHandler    nrf_drv_i2s.o
    0x00000a18   0x00000090   Code   RO          316    i.I2Smaster_config  i2s_master.o
    0x00000aa8   0x00000070   Code   RO          317    i.I2Smaster_startTransmit  i2s_master.o
    0x00000b18   0x0000000c   Code   RO          150    i.Owner_Update      i2c1_master.o
    0x00000b24   0x00000058   Code   RO          906    i.POWER_CLOCK_IRQHandler  nrf_drv_clock.o
    0x00000b7c   0x00000014   Code   RO         1077    i.RTC0_IRQHandler   nrf_drv_rtc.o
    0x00000b90   0x00000014   Code   RO          519    i.SPIM1_SPIS1_TWIM1_TWIS1_SPI1_TWI1_IRQHandler  nrf_drv_twi.o
    0x00000ba4   0x00000010   Code   RO         1826    i.SystemCoreClockUpdate  system_nrf52.o
    0x00000bb4   0x000000ec   Code   RO         1827    i.SystemInit        system_nrf52.o
    0x00000ca0   0x0000000e   Code   RO         1905    i.__scatterload_copy  mc_w.l(handlers.o)
    0x00000cae   0x00000002   Code   RO         1906    i.__scatterload_null  mc_w.l(handlers.o)
    0x00000cb0   0x0000000e   Code   RO         1907    i.__scatterload_zeroinit  mc_w.l(handlers.o)
    0x00000cbe   0x00000014   Code   RO         1795    i.app_error_fault_handler  app_error_weak.o
    0x00000cd2   0x00000020   Code   RO         1641    i.app_error_handler  app_error.o
    0x00000cf2   0x00000002   PAD
    0x00000cf4   0x00000088   Code   RO         1643    i.app_error_save_and_stop  app_error.o
    0x00000d7c   0x0000004c   Code   RO         1737    i.app_util_critical_region_enter  app_util_platform.o
    0x00000dc8   0x0000004c   Code   RO         1738    i.app_util_critical_region_exit  app_util_platform.o
    0x00000e14   0x00000014   Code   RO         1739    i.app_util_disable_irq  app_util_platform.o
    0x00000e28   0x00000018   Code   RO         1740    i.app_util_enable_irq  app_util_platform.o
    0x00000e40   0x0000001a   Code   RO         1707    i.assert_nrf_callback  nrf_assert.o
    0x00000e5a   0x00000002   PAD
    0x00000e5c   0x000000a4   Code   RO          221    i.audiocodec_config  audiocodec.o
    0x00000f00   0x0000007c   Code   RO          222    i.audiocodec_i2s_data_prep  audiocodec.o
    0x00000f7c   0x0000008c   Code   RO          224    i.audiocodec_i2s_start_transmit_data  audiocodec.o
    0x00001008   0x000000f8   Code   RO          151    i.audiocodec_pll_srm_lock  i2c1_master.o
    0x00001100   0x00000010   Code   RO          225    i.audiocodec_stop_i2s  audiocodec.o
    0x00001110   0x000000f0   Code   RO          226    i.audiocodec_transmit_data_i2c1  audiocodec.o
    0x00001200   0x000000dc   Code   RO          227    i.audiocodec_transmitdata_update_i2s  audiocodec.o
    0x000012dc   0x0000007c   Code   RO          228    i.audiocodec_volume_control  audiocodec.o
    0x00001358   0x00000020   Code   RO         1227    i.channel_free      nrf_drv_gpiote.o
    0x00001378   0x00000010   Code   RO         1228    i.channel_handler_get  nrf_drv_gpiote.o
    0x00001388   0x00000080   Code   RO         1229    i.channel_port_alloc  nrf_drv_gpiote.o
    0x00001408   0x0000000c   Code   RO         1230    i.channel_port_get  nrf_drv_gpiote.o
    0x00001414   0x00000024   Code   RO          907    i.clock_clk_started_notify  nrf_drv_clock.o
    0x00001438   0x00000090   Code   RO          780    i.configure_pins    nrf_drv_i2s.o
    0x000014c8   0x00000014   Code   RO          318    i.data_handler      i2s_master.o
    0x000014dc   0x0000000c   Code   RO          442    i.device_new_state  switch.o
    0x000014e8   0x0000000c   Code   RO          445    i.device_previous_state  switch.o
    0x000014f4   0x0000000c   Code   RO          446    i.device_state      switch.o
    0x00001500   0x00000030   Code   RO          447    i.device_state_change  switch.o
    0x00001530   0x00000030   Code   RO          152    i.event_handler_i2c1  i2c1_master.o
    0x00001560   0x0000003c   Code   RO         1828    i.ftpan_32          system_nrf52.o
    0x0000159c   0x0000003c   Code   RO         1829    i.ftpan_36          system_nrf52.o
    0x000015d8   0x0000003c   Code   RO         1830    i.ftpan_37          system_nrf52.o
    0x00001614   0x00000118   Code   RO          520    i.irq_handler_twi   nrf_drv_twi.o
    0x0000172c   0x0000000c   Code   RO          910    i.item_dequeue      nrf_drv_clock.o
    0x00001738   0x00000014   Code   RO          911    i.item_enqueue      nrf_drv_clock.o
    0x0000174c   0x00000018   Code   RO          912    i.lfclk_start       nrf_drv_clock.o
    0x00001764   0x0000011c   Code   RO            5    i.main              main.o
    0x00001880   0x00000012   Code   RO          914    i.nrf_clock_event_check  nrf_drv_clock.o
    0x00001892   0x00000012   Code   RO          915    i.nrf_clock_event_clear  nrf_drv_clock.o
    0x000018a4   0x0000000c   Code   RO          917    i.nrf_clock_int_disable  nrf_drv_clock.o
    0x000018b0   0x0000000c   Code   RO          918    i.nrf_clock_int_enable  nrf_drv_clock.o
    0x000018bc   0x00000008   Code   RO          920    i.nrf_clock_task_trigger  nrf_drv_clock.o
    0x000018c4   0x0000001a   Code   RO          711    i.nrf_delay_ms      nrf_delay.o
    0x000018de   0x00000002   PAD
    0x000018e0   0x00000040   Code   RO          926    i.nrf_drv_clock_init  nrf_drv_clock.o
    0x00001920   0x00000094   Code   RO          930    i.nrf_drv_clock_lfclk_request  nrf_drv_clock.o
    0x000019b4   0x00000060   Code   RO          748    i.nrf_drv_common_irq_enable  nrf_drv_common.o
    0x00001a14   0x0000000a   Code   RO          521    i.nrf_drv_get_IRQn  nrf_drv_twi.o
    0x00001a1e   0x00000002   PAD
    0x00001a20   0x00000108   Code   RO         1233    i.nrf_drv_gpiote_in_event_enable  nrf_drv_gpiote.o
    0x00001b28   0x00000114   Code   RO         1234    i.nrf_drv_gpiote_in_init  nrf_drv_gpiote.o
    0x00001c3c   0x00000054   Code   RO         1237    i.nrf_drv_gpiote_init  nrf_drv_gpiote.o
    0x00001c90   0x00000098   Code   RO          781    i.nrf_drv_i2s_init  nrf_drv_i2s.o
    0x00001d28   0x0000018c   Code   RO          782    i.nrf_drv_i2s_start  nrf_drv_i2s.o
    0x00001eb4   0x0000006c   Code   RO          783    i.nrf_drv_i2s_stop  nrf_drv_i2s.o
    0x00001f20   0x00000014   Code   RO          785    i.nrf_drv_is_in_RAM  nrf_drv_i2s.o
    0x00001f34   0x00000060   Code   RO         1081    i.nrf_drv_rtc_enable  nrf_drv_rtc.o
    0x00001f94   0x000000bc   Code   RO         1082    i.nrf_drv_rtc_init  nrf_drv_rtc.o
    0x00002050   0x000000b8   Code   RO         1083    i.nrf_drv_rtc_int_handler  nrf_drv_rtc.o
    0x00002108   0x0000002c   Code   RO         1088    i.nrf_drv_rtc_tick_enable  nrf_drv_rtc.o
    0x00002134   0x00000068   Code   RO          524    i.nrf_drv_twi_enable  nrf_drv_twi.o
    0x0000219c   0x0000009c   Code   RO          525    i.nrf_drv_twi_init  nrf_drv_twi.o
    0x00002238   0x0000002c   Code   RO          526    i.nrf_drv_twi_rx    nrf_drv_twi.o
    0x00002264   0x0000003c   Code   RO          529    i.nrf_drv_twi_tx    nrf_drv_twi.o
    0x000022a0   0x00000094   Code   RO          531    i.nrf_drv_twi_xfer  nrf_drv_twi.o
    0x00002334   0x00000024   Code   RO          786    i.nrf_gpio_cfg      nrf_drv_i2s.o
    0x00002358   0x00000024   Code   RO         1250    i.nrf_gpio_cfg      nrf_drv_gpiote.o
    0x0000237c   0x0000001a   Code   RO          787    i.nrf_gpio_cfg_input  nrf_drv_i2s.o
    0x00002396   0x00000018   Code   RO          788    i.nrf_gpio_cfg_output  nrf_drv_i2s.o
    0x000023ae   0x00000002   PAD
    0x000023b0   0x00000024   Code   RO         1252    i.nrf_gpio_cfg_sense_set  nrf_drv_gpiote.o
    0x000023d4   0x00000010   Code   RO          532    i.nrf_gpio_pin_clear  nrf_drv_twi.o
    0x000023e4   0x00000014   Code   RO            6    i.nrf_gpio_pin_read  main.o
    0x000023f8   0x00000010   Code   RO          533    i.nrf_gpio_pin_set  nrf_drv_twi.o
    0x00002408   0x0000000c   Code   RO         1255    i.nrf_gpiote_event_addr_get  nrf_drv_gpiote.o
    0x00002414   0x0000001c   Code   RO         1256    i.nrf_gpiote_event_clear  nrf_drv_gpiote.o
    0x00002430   0x00000016   Code   RO         1257    i.nrf_gpiote_event_is_set  nrf_drv_gpiote.o
    0x00002446   0x00000002   PAD
    0x00002448   0x0000000c   Code   RO         1258    i.nrf_gpiote_int_enable  nrf_drv_gpiote.o
    0x00002454   0x0000006c   Code   RO          789    i.nrf_i2s_configure  nrf_drv_i2s.o
    0x000024c0   0x0000000e   Code   RO          790    i.nrf_i2s_event_check  nrf_drv_i2s.o
    0x000024ce   0x00000006   Code   RO          791    i.nrf_i2s_event_clear  nrf_drv_i2s.o
    0x000024d4   0x00000006   Code   RO          792    i.nrf_i2s_rx_buffer_set  nrf_drv_i2s.o
    0x000024da   0x00000006   Code   RO          793    i.nrf_i2s_task_trigger  nrf_drv_i2s.o
    0x000024e0   0x00000006   Code   RO          794    i.nrf_i2s_tx_buffer_set  nrf_drv_i2s.o
    0x000024e6   0x0000000e   Code   RO         1091    i.nrf_rtc_event_clear  nrf_drv_rtc.o
    0x000024f4   0x00000006   Code   RO         1092    i.nrf_rtc_event_disable  nrf_drv_rtc.o
    0x000024fa   0x00000006   Code   RO         1093    i.nrf_rtc_event_enable  nrf_drv_rtc.o
    0x00002500   0x00000006   Code   RO         1094    i.nrf_rtc_event_pending  nrf_drv_rtc.o
    0x00002506   0x00000006   Code   RO         1095    i.nrf_rtc_int_disable  nrf_drv_rtc.o
    0x0000250c   0x00000006   Code   RO         1096    i.nrf_rtc_int_enable  nrf_drv_rtc.o
    0x00002512   0x0000000a   Code   RO         1097    i.nrf_rtc_int_is_enabled  nrf_drv_rtc.o
    0x0000251c   0x00000006   Code   RO         1098    i.nrf_rtc_task_trigger  nrf_drv_rtc.o
    0x00002522   0x0000000e   Code   RO          534    i.nrf_twi_event_check  nrf_drv_twi.o
    0x00002530   0x00000006   Code   RO          535    i.nrf_twi_event_clear  nrf_drv_twi.o
    0x00002536   0x00000006   Code   RO          536    i.nrf_twi_int_disable  nrf_drv_twi.o
    0x0000253c   0x00000006   Code   RO          537    i.nrf_twi_int_enable  nrf_drv_twi.o
    0x00002542   0x00000006   Code   RO          538    i.nrf_twi_shorts_set  nrf_drv_twi.o
    0x00002548   0x00000006   Code   RO          539    i.nrf_twi_task_trigger  nrf_drv_twi.o
    0x0000254e   0x00000002   PAD
    0x00002550   0x0000001c   Code   RO         1261    i.pin_in_use_by_gpiote  nrf_drv_gpiote.o
    0x0000256c   0x00000018   Code   RO         1262    i.pin_in_use_by_port  nrf_drv_gpiote.o
    0x00002584   0x00000020   Code   RO         1263    i.pin_in_use_by_te  nrf_drv_gpiote.o
    0x000025a4   0x0000000c   Code   RO         1264    i.pin_in_use_clear  nrf_drv_gpiote.o
    0x000025b0   0x00000022   Code   RO         1741    i.privilege_level_get  app_util_platform.o
    0x000025d2   0x00000002   PAD
    0x000025d4   0x00000078   Code   RO          355    i.rtc_config        real_time_clock.o
    0x0000264c   0x00000014   Code   RO          356    i.rtc_elapse_time   real_time_clock.o
    0x00002660   0x00000020   Code   RO          357    i.rtc_handler       real_time_clock.o
    0x00002680   0x0000003c   Code   RO          358    i.rtc_lfclk_config  real_time_clock.o
    0x000026bc   0x00000018   Code   RO          359    i.rtc_reset_time    real_time_clock.o
    0x000026d4   0x0000000c   Code   RO          360    i.rtc_switch_counter_value  real_time_clock.o
    0x000026e0   0x00000018   Code   RO          361    i.rtc_switch_start_time  real_time_clock.o
    0x000026f8   0x00000010   Code   RO          362    i.rtc_total_switch_counter  real_time_clock.o
    0x00002708   0x0000007c   Code   RO          448    i.switch_config     switch.o
    0x00002784   0x00000048   Code   RO          449    i.switch_handler    switch.o
    0x000027cc   0x00000094   Code   RO          540    i.twi_clear_bus     nrf_drv_twi.o
    0x00002860   0x0000004c   Code   RO          541    i.twi_receive_byte  nrf_drv_twi.o
    0x000028ac   0x000000a6   Code   RO          542    i.twi_rx_start_transfer  nrf_drv_twi.o
    0x00002952   0x00000048   Code   RO          543    i.twi_send_byte     nrf_drv_twi.o
    0x0000299a   0x00000122   Code   RO          544    i.twi_transfer      nrf_drv_twi.o
    0x00002abc   0x000000ac   Code   RO          545    i.twi_tx_start_transfer  nrf_drv_twi.o
    0x00002b68   0x000000b8   Code   RO          546    i.twi_xfer          nrf_drv_twi.o
    0x00002c20   0x00000018   Data   RO          155    .constdata          i2c1_master.o
    0x00002c38   0x00005fd4   Data   RO          230    .constdata          audiocodec.o
    0x00008c0c   0x00000014   Data   RO          320    .constdata          i2s_master.o
    0x00008c20   0x0000000e   Data   RO          363    .constdata          real_time_clock.o
    0x00008c2e   0x00000002   PAD
    0x00008c30   0x00000004   Data   RO          450    .constdata          switch.o
    0x00008c34   0x0000001c   Data   RO          548    .constdata          nrf_drv_twi.o
    0x00008c50   0x00000014   Data   RO          796    .constdata          nrf_drv_i2s.o
    0x00008c64   0x00000006   Data   RO         1099    .constdata          nrf_drv_rtc.o
    0x00008c6a   0x00000002   PAD
    0x00008c6c   0x00000020   Data   RO         1903    Region$$Table       anon$$obj.o


    Execution Region RW_IRAM1 (Base: 0x20000000, Size: 0x00006040, Max: 0x00008000, ABSOLUTE)

    Base Addr    Size         Type   Attr      Idx    E Section Name        Object

    0x20000000   0x00000003   Data   RW          156    .data               i2c1_master.o
    0x20000003   0x00000001   PAD
    0x20000004   0x00000019   Data   RW          231    .data               audiocodec.o
    0x2000001d   0x00000001   PAD
    0x2000001e   0x00000003   Data   RW          321    .data               i2s_master.o
    0x20000021   0x00000007   PAD
    0x20000028   0x00000018   Data   RW          364    .data               real_time_clock.o
    0x20000040   0x00000003   Data   RW          451    .data               switch.o
    0x20000043   0x00000001   PAD
    0x20000044   0x00000007   Data   RW         1100    .data               nrf_drv_rtc.o
    0x2000004b   0x00000001   PAD
    0x2000004c   0x00000004   Data   RW         1742    .data               app_util_platform.o
    0x20000050   0x00000004   Data   RW         1831    .data               system_nrf52.o
    0x20000054   0x0000003c   Zero   RW          154    .bss                i2c1_master.o
    0x20000090   0x00000078   Zero   RW          229    .bss                audiocodec.o
    0x20000108   0x00003e80   Zero   RW          319    .bss                i2s_master.o
    0x20003f88   0x00000028   Zero   RW          547    .bss                nrf_drv_twi.o
    0x20003fb0   0x00000010   Zero   RW          795    .bss                nrf_drv_i2s.o
    0x20003fc0   0x00000014   Zero   RW          932    .bss                nrf_drv_clock.o
    0x20003fd4   0x00000048   Zero   RW         1265    .bss                nrf_drv_gpiote.o
    0x2000401c   0x00000020   Zero   RW         1644    .bss                app_error.o
    0x2000403c   0x00000004   PAD
    0x20004040   0x00002000   Zero   RW         1816    STACK               arm_startup_nrf52.o


==============================================================================

Image component sizes


      Code (inc. data)   RO Data    RW Data    ZI Data      Debug   Object Name

       168          4          0          0         32       5110   app_error.o
        20          0          0          0          0        722   app_error_weak.o
       230        110          0          4          0       5366   app_util_platform.o
        36         10       1024          0       8192        860   arm_startup_nrf52.o
      1028        114      24532         25        120      14076   audiocodec.o
       648        116         24          3         60       5028   i2c1_master.o
       276         56         20          3      16000       3177   i2s_master.o
       328          6          0          0          0      46456   main.o
        26          0          0          0          0       2554   nrf_assert.o
       144          0          0          0          0       1631   nrf_delay.o
       460         76          0          0         20      13420   nrf_drv_clock.o
        96         12          0          0          0      27419   nrf_drv_common.o
      1494        216          0          0         72      23956   nrf_drv_gpiote.o
      1404        198         20          0         16      20879   nrf_drv_i2s.o
       592        110          6          7          0      13548   nrf_drv_rtc.o
      2124        198         28          0         40      30196   nrf_drv_twi.o
       308         98         14         24          0      13905   real_time_clock.o
       280         68          4          3          0       9403   switch.o
       432         54          0          4          0      29754   system_nrf52.o

    ----------------------------------------------------------------------
     10114       1446      25708         84      24556     267460   Object Totals
         0          0         32          0          0          0   (incl. Generated)
        20          0          4         11          4          0   (incl. Padding)

    ----------------------------------------------------------------------

      Code (inc. data)   RO Data    RW Data    ZI Data      Debug   Library Member Name

         0          0          0          0          0          0   entry.o
         0          0          0          0          0          0   entry10a.o
         0          0          0          0          0          0   entry11a.o
         8          4          0          0          0          0   entry2.o
         4          0          0          0          0          0   entry5.o
         0          0          0          0          0          0   entry7b.o
         0          0          0          0          0          0   entry8b.o
         8          4          0          0          0          0   entry9a.o
        30          0          0          0          0          0   handlers.o
        36          8          0          0          0         68   init.o
        36          0          0          0          0         68   memcpya.o
        36          0          0          0          0        108   memseta.o

    ----------------------------------------------------------------------
       158         16          0          0          0        244   Library Totals
         0          0          0          0          0          0   (incl. Padding)

    ----------------------------------------------------------------------

      Code (inc. data)   RO Data    RW Data    ZI Data      Debug   Library Name

       158         16          0          0          0        244   mc_w.l

    ----------------------------------------------------------------------
       158         16          0          0          0        244   Library Totals

    ----------------------------------------------------------------------

==============================================================================


      Code (inc. data)   RO Data    RW Data    ZI Data      Debug   

     10272       1462      25708         84      24556     255256   Grand Totals
     10272       1462      25708         84      24556     255256   ELF Image Totals
     10272       1462      25708         84          0          0   ROM Totals

==============================================================================

    Total RO  Size (Code + RO Data)                35980 (  35.14kB)
    Total RW  Size (RW Data + ZI Data)             24640 (  24.06kB)
    Total ROM Size (Code + RO Data + RW Data)      36064 (  35.22kB)

==============================================================================

